{
  "exclude": {
    "files": "^.secrets.baseline$",
    "lines": null
  },
  "generated_at": "2025-09-26T15:37:39Z",
  "plugins_used": [
    {
      "name": "AWSKeyDetector"
    },
    {
      "name": "ArtifactoryDetector"
    },
    {
      "name": "AzureStorageKeyDetector"
    },
    {
      "base64_limit": 4.5,
      "name": "Base64HighEntropyString"
    },
    {
      "name": "BasicAuthDetector"
    },
    {
      "name": "BoxDetector"
    },
    {
      "name": "CloudantDetector"
    },
    {
      "ghe_instance": "github.ibm.com",
      "name": "GheDetector"
    },
    {
      "name": "GitHubTokenDetector"
    },
    {
      "hex_limit": 3,
      "name": "HexHighEntropyString"
    },
    {
      "name": "IbmCloudIamDetector"
    },
    {
      "name": "IbmCosHmacDetector"
    },
    {
      "name": "JwtTokenDetector"
    },
    {
      "keyword_exclude": null,
      "name": "KeywordDetector"
    },
    {
      "name": "MailchimpDetector"
    },
    {
      "name": "NpmDetector"
    },
    {
      "name": "PrivateKeyDetector"
    },
    {
      "name": "SlackDetector"
    },
    {
      "name": "SoftlayerDetector"
    },
    {
      "name": "SquareOAuthDetector"
    },
    {
      "name": "StripeDetector"
    },
    {
      "name": "TwilioKeyDetector"
    }
  ],
  "results": {
    "src/Client.ts": [
      {
        "hashed_secret": "1f5e25be9b575e9f5d39c82dfd1d9f4d73f1975c",
        "is_secret": false,
        "is_verified": false,
        "line_number": 24,
        "type": "Secret Keyword",
        "verified_result": null
      },
      {
        "hashed_secret": "6303c901093123ff7019188dcd12b2e18d4d9827",
        "is_secret": false,
        "is_verified": false,
        "line_number": 28,
        "type": "Secret Keyword",
        "verified_result": null
      },
      {
        "hashed_secret": "f5cbae85fb47446511da4c9974e2da448caee7e1",
        "is_secret": false,
        "is_verified": false,
        "line_number": 31,
        "type": "Secret Keyword",
        "verified_result": null
      },
      {
        "hashed_secret": "65e622227634e8876cfa733000233fb80c6f0473",
        "is_secret": false,
        "is_verified": false,
        "line_number": 162,
        "type": "Secret Keyword",
        "verified_result": null
      },
      {
        "hashed_secret": "11fa7c37d697f30e6aee828b4426a10f83ab2380",
        "is_secret": false,
        "is_verified": false,
        "line_number": 230,
        "type": "Secret Keyword",
        "verified_result": null
      },
      {
        "hashed_secret": "68672f6baf3b3e9b3a80f7baa87e7a95a0ec2afb",
        "is_secret": false,
        "is_verified": false,
        "line_number": 240,
        "type": "Secret Keyword",
        "verified_result": null
      }
    ],
    "test/apiTest.test.ts": [
      {
        "hashed_secret": "c7139c95c9298c5ca457688f5c1d2e11ffbecc91",
        "is_secret": false,
        "is_verified": false,
        "line_number": 120,
        "type": "Secret Keyword",
        "verified_result": null
      }
    ],
    "test/client.test.ts": [
      {
        "hashed_secret": "2ace62c1befa19e3ea37dd52be9f6d508c5163e6",
        "is_secret": false,
        "is_verified": false,
        "line_number": 19,
        "type": "Secret Keyword",
        "verified_result": null
      }
    ]
  },
  "version": "0.13.1+ibm.62.dss",
  "word_list": {
    "file": null,
    "hash": null
  }
}
