{
  "exclude": {
    "files": "^.secrets.baseline$",
    "lines": null
  },
  "generated_at": "2025-08-11T12:52:45Z",
  "plugins_used": [
    {
      "name": "AWSKeyDetector"
    },
    {
      "name": "ArtifactoryDetector"
    },
    {
      "name": "AzureStorageKeyDetector"
    },
    {
      "base64_limit": 4.5,
      "name": "Base64HighEntropyString"
    },
    {
      "name": "BasicAuthDetector"
    },
    {
      "name": "BoxDetector"
    },
    {
      "name": "CloudantDetector"
    },
    {
      "ghe_instance": "github.ibm.com",
      "name": "GheDetector"
    },
    {
      "name": "GitHubTokenDetector"
    },
    {
      "hex_limit": 3,
      "name": "HexHighEntropyString"
    },
    {
      "name": "IbmCloudIamDetector"
    },
    {
      "name": "IbmCosHmacDetector"
    },
    {
      "name": "JwtTokenDetector"
    },
    {
      "keyword_exclude": null,
      "name": "KeywordDetector"
    },
    {
      "name": "MailchimpDetector"
    },
    {
      "name": "NpmDetector"
    },
    {
      "name": "PrivateKeyDetector"
    },
    {
      "name": "SlackDetector"
    },
    {
      "name": "SoftlayerDetector"
    },
    {
      "name": "SquareOAuthDetector"
    },
    {
      "name": "StripeDetector"
    },
    {
      "name": "TwilioKeyDetector"
    }
  ],
  "results": {
    "package-lock.json": [
      {
        "hashed_secret": "0d490febdcec09589b8abef6ff67f8f9ab2a3de0",
        "is_secret": false,
        "is_verified": false,
        "line_number": 27,
        "type": "Base64 High Entropy String",
        "verified_result": null
      },
      {
        "hashed_secret": "d4eac0bf704336f38e69fd6832e6f021ded39602",
        "is_secret": false,
        "is_verified": false,
        "line_number": 41,
        "type": "Base64 High Entropy String",
        "verified_result": null
      },
      {
        "hashed_secret": "e18299366be308aa20b6b21e2787fa2f3c79a5e1",
        "is_secret": false,
        "is_verified": false,
        "line_number": 56,
        "type": "Base64 High Entropy String",
        "verified_result": null
      },
      {
        "hashed_secret": "fb383be0aaa7d5542b90ec7f2aa065e211c93f25",
        "is_secret": false,
        "is_verified": false,
        "line_number": 66,
        "type": "Base64 High Entropy String",
        "verified_result": null
      },
      {
        "hashed_secret": "6713abe1fa4c5e619f9cff172e0cb43cef9d606f",
        "is_secret": false,
        "is_verified": false,
        "line_number": 97,
        "type": "Base64 High Entropy String",
        "verified_result": null
      },
      {
        "hashed_secret": "91ef8efb1f1a9f7b957debc2f9382278a11e9e91",
        "is_secret": false,
        "is_verified": false,
        "line_number": 114,
        "type": "Base64 High Entropy String",
        "verified_result": null
      },
      {
        "hashed_secret": "5cb278a68156ae376bea48fb0f872cbc5dfd0a63",
        "is_secret": false,
        "is_verified": false,
        "line_number": 131,
        "type": "Base64 High Entropy String",
        "verified_result": null
      },
      {
        "hashed_secret": "1ebe57ea46fba7d746cb222ee21b5cd413c80ff1",
        "is_secret": false,
        "is_verified": false,
        "line_number": 141,
        "type": "Base64 High Entropy String",
        "verified_result": null
      },
      {
        "hashed_secret": "df835c7cc764ddaedb19b44ce515ccd1f14f0cce",
        "is_secret": false,
        "is_verified": false,
        "line_number": 155,
        "type": "Base64 High Entropy String",
        "verified_result": null
      },
      {
        "hashed_secret": "e844f3c78344b978e74bc22b6c2736d4b0c393e1",
        "is_secret": false,
        "is_verified": false,
        "line_number": 173,
        "type": "Base64 High Entropy String",
        "verified_result": null
      },
      {
        "hashed_secret": "8319864fae2ce720a9588f890930b4dd3f736a4f",
        "is_secret": false,
        "is_verified": false,
        "line_number": 183,
        "type": "Base64 High Entropy String",
        "verified_result": null
      },
      {
        "hashed_secret": "3e2a4d1a24c1c4aac8dc6ee6056c8a135c8db64a",
        "is_secret": false,
        "is_verified": false,
        "line_number": 193,
        "type": "Base64 High Entropy String",
        "verified_result": null
      },
      {
        "hashed_secret": "6302a9750ba626bf9d98ea2b93c8044c2c13dd03",
        "is_secret": false,
        "is_verified": false,
        "line_number": 203,
        "type": "Base64 High Entropy String",
        "verified_result": null
      },
      {
        "hashed_secret": "a4e7de30ccf70f848b454e362eae096a8a9a4730",
        "is_secret": false,
        "is_verified": false,
        "line_number": 213,
        "type": "Base64 High Entropy String",
        "verified_result": null
      },
      {
        "hashed_secret": "1c3a7f27f2982b4b49af480f5b93a75635d1083e",
        "is_secret": false,
        "is_verified": false,
        "line_number": 227,
        "type": "Base64 High Entropy String",
        "verified_result": null
      },
      {
        "hashed_secret": "7bd7cab0500b448b5af6034691432c96b964a4c8",
        "is_secret": false,
        "is_verified": false,
        "line_number": 243,
        "type": "Base64 High Entropy String",
        "verified_result": null
      },
      {
        "hashed_secret": "3c07010114b3f8a05c537e24dbca7494bcf3c0a4",
        "is_secret": false,
        "is_verified": false,
        "line_number": 256,
        "type": "Base64 High Entropy String",
        "verified_result": null
      },
      {
        "hashed_secret": "6345a5a64b6e2e20c37de7f332495c74b7e28b8b",
        "is_secret": false,
        "is_verified": false,
        "line_number": 269,
        "type": "Base64 High Entropy String",
        "verified_result": null
      },
      {
        "hashed_secret": "3c39819cbcfb00ae8e9393a2055d140e03e87570",
        "is_secret": false,
        "is_verified": false,
        "line_number": 282,
        "type": "Base64 High Entropy String",
        "verified_result": null
      },
      {
        "hashed_secret": "7e6fee16d726ee6db2c1cf93104e5e939ac32632",
        "is_secret": false,
        "is_verified": false,
        "line_number": 298,
        "type": "Base64 High Entropy String",
        "verified_result": null
      },
      {
        "hashed_secret": "eced9884adaa31fbecade795c3ccd81df9ba9fcc",
        "is_secret": false,
        "is_verified": false,
        "line_number": 314,
        "type": "Base64 High Entropy String",
        "verified_result": null
      },
      {
        "hashed_secret": "b2fbdf7c2e16e91a406593fec247dad23b5efbf8",
        "is_secret": false,
        "is_verified": false,
        "line_number": 327,
        "type": "Base64 High Entropy String",
        "verified_result": null
      },
      {
        "hashed_secret": "01fb43d387fe0b3ac3455f566053a73bd219b7f3",
        "is_secret": false,
        "is_verified": false,
        "line_number": 340,
        "type": "Base64 High Entropy String",
        "verified_result": null
      },
      {
        "hashed_secret": "a3d57e425e9c3b5ab0b18abe7b8621625cc30c22",
        "is_secret": false,
        "is_verified": false,
        "line_number": 356,
        "type": "Base64 High Entropy String",
        "verified_result": null
      },
      {
        "hashed_secret": "d796b7b26f7703279b30e1ce28d78e9b21aa7682",
        "is_secret": false,
        "is_verified": false,
        "line_number": 369,
        "type": "Base64 High Entropy String",
        "verified_result": null
      },
      {
        "hashed_secret": "8eabb20032175f899539869abd92d947b1089edf",
        "is_secret": false,
        "is_verified": false,
        "line_number": 382,
        "type": "Base64 High Entropy String",
        "verified_result": null
      },
      {
        "hashed_secret": "020015c71e54dae0a6e3c559389a0f833b37c586",
        "is_secret": false,
        "is_verified": false,
        "line_number": 395,
        "type": "Base64 High Entropy String",
        "verified_result": null
      },
      {
        "hashed_secret": "16d2494dcd526d2ba248b35aef5636b20af470b5",
        "is_secret": false,
        "is_verified": false,
        "line_number": 408,
        "type": "Base64 High Entropy String",
        "verified_result": null
      },
      {
        "hashed_secret": "14b6efeff14f789b722c80b84a350f8e81a98866",
        "is_secret": false,
        "is_verified": false,
        "line_number": 421,
        "type": "Base64 High Entropy String",
        "verified_result": null
      },
      {
        "hashed_secret": "e883069b4b8d57f17deab7c65aa5ae60f9c7e454",
        "is_secret": false,
        "is_verified": false,
        "line_number": 434,
        "type": "Base64 High Entropy String",
        "verified_result": null
      },
      {
        "hashed_secret": "7dc4aaf477bcf07897d462bdbf274b1108e666ce",
        "is_secret": false,
        "is_verified": false,
        "line_number": 450,
        "type": "Base64 High Entropy String",
        "verified_result": null
      },
      {
        "hashed_secret": "ecee7d3f33e999a8b3f8bc7f80c60d87a5158087",
        "is_secret": false,
        "is_verified": false,
        "line_number": 466,
        "type": "Base64 High Entropy String",
        "verified_result": null
      },
      {
        "hashed_secret": "67428c90207cc195acaf62942754b6a6861c8b90",
        "is_secret": false,
        "is_verified": false,
        "line_number": 482,
        "type": "Base64 High Entropy String",
        "verified_result": null
      },
      {
        "hashed_secret": "8d90a6ab7cfd00dfc73dced43d5d074a2fdb2a69",
        "is_secret": false,
        "is_verified": false,
        "line_number": 497,
        "type": "Base64 High Entropy String",
        "verified_result": null
      },
      {
        "hashed_secret": "ae8128083d530a2741ac90f2913603cb64df86db",
        "is_secret": false,
        "is_verified": false,
        "line_number": 516,
        "type": "Base64 High Entropy String",
        "verified_result": null
      },
      {
        "hashed_secret": "76a9ef26365296802b842dcf52bb19db8f769d72",
        "is_secret": false,
        "is_verified": false,
        "line_number": 530,
        "type": "Base64 High Entropy String",
        "verified_result": null
      },
      {
        "hashed_secret": "c714b4599a4436f585d027cdc211ab9c7020c738",
        "is_secret": false,
        "is_verified": false,
        "line_number": 537,
        "type": "Base64 High Entropy String",
        "verified_result": null
      },
      {
        "hashed_secret": "80a69dcb3efde6b63f05714ff218e53f76ca0c7a",
        "is_secret": false,
        "is_verified": false,
        "line_number": 549,
        "type": "Base64 High Entropy String",
        "verified_result": null
      },
      {
        "hashed_secret": "d53c7c9b2298f442ee6500d0fd9aa2ba4171ab7f",
        "is_secret": false,
        "is_verified": false,
        "line_number": 560,
        "type": "Base64 High Entropy String",
        "verified_result": null
      },
      {
        "hashed_secret": "b62ae999218390b924a5304938e497fd61ec4e66",
        "is_secret": false,
        "is_verified": false,
        "line_number": 571,
        "type": "Base64 High Entropy String",
        "verified_result": null
      },
      {
        "hashed_secret": "1119596e8df549d5d1b2e83f34912cc0c84222d5",
        "is_secret": false,
        "is_verified": false,
        "line_number": 589,
        "type": "Base64 High Entropy String",
        "verified_result": null
      },
      {
        "hashed_secret": "c1d423d94eec2217b76cc22b4dde6962ba834b60",
        "is_secret": false,
        "is_verified": false,
        "line_number": 606,
        "type": "Base64 High Entropy String",
        "verified_result": null
      },
      {
        "hashed_secret": "51d70ac4121c88b6208b38b88fa70733ea0463ea",
        "is_secret": false,
        "is_verified": false,
        "line_number": 616,
        "type": "Base64 High Entropy String",
        "verified_result": null
      },
      {
        "hashed_secret": "70eee2c4c262daf37d3b1033f9085b8de41675ad",
        "is_secret": false,
        "is_verified": false,
        "line_number": 634,
        "type": "Base64 High Entropy String",
        "verified_result": null
      },
      {
        "hashed_secret": "b517745fbe126a497c163e6e974e9726b70b3bc4",
        "is_secret": false,
        "is_verified": false,
        "line_number": 682,
        "type": "Base64 High Entropy String",
        "verified_result": null
      },
      {
        "hashed_secret": "4f099a01e27e78ef59cca73fe17683ebbd8e4c4f",
        "is_secret": false,
        "is_verified": false,
        "line_number": 692,
        "type": "Base64 High Entropy String",
        "verified_result": null
      },
      {
        "hashed_secret": "15edccd8eef953d431f42ac44b909b9282cc0bc5",
        "is_secret": false,
        "is_verified": false,
        "line_number": 708,
        "type": "Base64 High Entropy String",
        "verified_result": null
      },
      {
        "hashed_secret": "97c791f11024f7078e08b913716bc596e0739842",
        "is_secret": false,
        "is_verified": false,
        "line_number": 722,
        "type": "Base64 High Entropy String",
        "verified_result": null
      },
      {
        "hashed_secret": "de3bdf42865d375aa1a526d44f9ea61e5382595d",
        "is_secret": false,
        "is_verified": false,
        "line_number": 735,
        "type": "Base64 High Entropy String",
        "verified_result": null
      },
      {
        "hashed_secret": "b67c9ad275f1d867ee848da522c928e31c8dc6eb",
        "is_secret": false,
        "is_verified": false,
        "line_number": 753,
        "type": "Base64 High Entropy String",
        "verified_result": null
      },
      {
        "hashed_secret": "5e386b719be96b2a36cc0f64272ee065ddd338f2",
        "is_secret": false,
        "is_verified": false,
        "line_number": 763,
        "type": "Base64 High Entropy String",
        "verified_result": null
      },
      {
        "hashed_secret": "f099f09661dfdbd2e8b725d48b333710210cf2d4",
        "is_secret": false,
        "is_verified": false,
        "line_number": 779,
        "type": "Base64 High Entropy String",
        "verified_result": null
      },
      {
        "hashed_secret": "bca10544beab0a852777e70259c395bbc8e8be8a",
        "is_secret": false,
        "is_verified": false,
        "line_number": 793,
        "type": "Base64 High Entropy String",
        "verified_result": null
      },
      {
        "hashed_secret": "7d0516db23602e85bfd4ee968d0ed9d0fede2174",
        "is_secret": false,
        "is_verified": false,
        "line_number": 836,
        "type": "Base64 High Entropy String",
        "verified_result": null
      },
      {
        "hashed_secret": "945ecefc753c378782a37b7232279c45956a04c2",
        "is_secret": false,
        "is_verified": false,
        "line_number": 849,
        "type": "Base64 High Entropy String",
        "verified_result": null
      },
      {
        "hashed_secret": "4a6b8e2be6e08dfcba96ed7d7d379786e4541f9f",
        "is_secret": false,
        "is_verified": false,
        "line_number": 865,
        "type": "Base64 High Entropy String",
        "verified_result": null
      },
      {
        "hashed_secret": "414c589bf880f0bc65c062bacdab7bdce8ab81b9",
        "is_secret": false,
        "is_verified": false,
        "line_number": 880,
        "type": "Base64 High Entropy String",
        "verified_result": null
      },
      {
        "hashed_secret": "3d2481b25fc7761bd5f3eabf108b0c8571cb975a",
        "is_secret": false,
        "is_verified": false,
        "line_number": 896,
        "type": "Base64 High Entropy String",
        "verified_result": null
      },
      {
        "hashed_secret": "59a37e5e435d6c9b24555dbd37b5918262720af4",
        "is_secret": false,
        "is_verified": false,
        "line_number": 912,
        "type": "Base64 High Entropy String",
        "verified_result": null
      },
      {
        "hashed_secret": "baf5f86d7342069adfbf31f368aa72134e1a471d",
        "is_secret": false,
        "is_verified": false,
        "line_number": 939,
        "type": "Base64 High Entropy String",
        "verified_result": null
      },
      {
        "hashed_secret": "a196aa7fdefe7efaee31e48dc0c7f6a41ecbfcd4",
        "is_secret": false,
        "is_verified": false,
        "line_number": 958,
        "type": "Base64 High Entropy String",
        "verified_result": null
      },
      {
        "hashed_secret": "9d1b9dbec9f048e048f4dd38591947ca7deff5dd",
        "is_secret": false,
        "is_verified": false,
        "line_number": 969,
        "type": "Base64 High Entropy String",
        "verified_result": null
      },
      {
        "hashed_secret": "5a3d24ddb9a57291642d9f14b359aa07d1576b70",
        "is_secret": false,
        "is_verified": false,
        "line_number": 979,
        "type": "Base64 High Entropy String",
        "verified_result": null
      },
      {
        "hashed_secret": "225de439b8c4d5be631752993f476cb5557c8034",
        "is_secret": false,
        "is_verified": false,
        "line_number": 986,
        "type": "Base64 High Entropy String",
        "verified_result": null
      },
      {
        "hashed_secret": "e9e7bad9193db6d83461cac9d0d27207a1d68f15",
        "is_secret": false,
        "is_verified": false,
        "line_number": 997,
        "type": "Base64 High Entropy String",
        "verified_result": null
      },
      {
        "hashed_secret": "ebed4bcc0633208a30eb5a5dbfeaa7364612a05d",
        "is_secret": false,
        "is_verified": false,
        "line_number": 1015,
        "type": "Base64 High Entropy String",
        "verified_result": null
      },
      {
        "hashed_secret": "e86e4979d9d712e11a75b4ebec1b901732124d77",
        "is_secret": false,
        "is_verified": false,
        "line_number": 1028,
        "type": "Base64 High Entropy String",
        "verified_result": null
      },
      {
        "hashed_secret": "e7a300573911dfc80ae0808f6cd3ddc96c90975d",
        "is_secret": false,
        "is_verified": false,
        "line_number": 1035,
        "type": "Base64 High Entropy String",
        "verified_result": null
      },
      {
        "hashed_secret": "af21ea4772d3ec7feac09cde495c71292fb69903",
        "is_secret": false,
        "is_verified": false,
        "line_number": 1046,
        "type": "Base64 High Entropy String",
        "verified_result": null
      },
      {
        "hashed_secret": "be9f24635e32f68141a9ae50e377a146bdc3fda5",
        "is_secret": false,
        "is_verified": false,
        "line_number": 1053,
        "type": "Base64 High Entropy String",
        "verified_result": null
      },
      {
        "hashed_secret": "0c389b15ae6e0c8d0bb1355bb3a83ed3134d3d87",
        "is_secret": false,
        "is_verified": false,
        "line_number": 1064,
        "type": "Base64 High Entropy String",
        "verified_result": null
      },
      {
        "hashed_secret": "a43d701ff1a3789a72159d734e3186f9f23808be",
        "is_secret": false,
        "is_verified": false,
        "line_number": 1077,
        "type": "Base64 High Entropy String",
        "verified_result": null
      },
      {
        "hashed_secret": "0a440a4af470afd5385d77ec40dadb271c54ad9a",
        "is_secret": false,
        "is_verified": false,
        "line_number": 1084,
        "type": "Base64 High Entropy String",
        "verified_result": null
      },
      {
        "hashed_secret": "2fc318592a3a1c436bcfdad7655bcf9e46938a65",
        "is_secret": false,
        "is_verified": false,
        "line_number": 1094,
        "type": "Base64 High Entropy String",
        "verified_result": null
      },
      {
        "hashed_secret": "fa6af34f01a24a0985eed505c4c407f1e4d2af9b",
        "is_secret": false,
        "is_verified": false,
        "line_number": 1104,
        "type": "Base64 High Entropy String",
        "verified_result": null
      },
      {
        "hashed_secret": "50a0bc6ed4bd15cd54a9ef3e744d9e367b1ee0b2",
        "is_secret": false,
        "is_verified": false,
        "line_number": 1115,
        "type": "Base64 High Entropy String",
        "verified_result": null
      },
      {
        "hashed_secret": "f161e2b04f8faa8a514998b846300c0e52e3dde4",
        "is_secret": false,
        "is_verified": false,
        "line_number": 1129,
        "type": "Base64 High Entropy String",
        "verified_result": null
      },
      {
        "hashed_secret": "21a255bacab0430cf0dd455985ab2ac363136cdb",
        "is_secret": false,
        "is_verified": false,
        "line_number": 1139,
        "type": "Base64 High Entropy String",
        "verified_result": null
      },
      {
        "hashed_secret": "76ce7aa82d603659c77eb3883aa169d369a2720e",
        "is_secret": false,
        "is_verified": false,
        "line_number": 1150,
        "type": "Base64 High Entropy String",
        "verified_result": null
      },
      {
        "hashed_secret": "d44a64c0233f7f71e6ffa1c3f65dcb001fa2dbe4",
        "is_secret": false,
        "is_verified": false,
        "line_number": 1160,
        "type": "Base64 High Entropy String",
        "verified_result": null
      },
      {
        "hashed_secret": "a3d0017933e859919c4c84d59093f79837ca3cd5",
        "is_secret": false,
        "is_verified": false,
        "line_number": 1167,
        "type": "Base64 High Entropy String",
        "verified_result": null
      },
      {
        "hashed_secret": "959766c6a6b6cdf60c93ebc380814ffaa67d347c",
        "is_secret": false,
        "is_verified": false,
        "line_number": 1177,
        "type": "Base64 High Entropy String",
        "verified_result": null
      },
      {
        "hashed_secret": "d3752c4bb2cbe605385ab0dc0abfbf416925518a",
        "is_secret": false,
        "is_verified": false,
        "line_number": 1187,
        "type": "Base64 High Entropy String",
        "verified_result": null
      },
      {
        "hashed_secret": "f0666d1f63a8646cd75f3741be12d853c3346d25",
        "is_secret": false,
        "is_verified": false,
        "line_number": 1198,
        "type": "Base64 High Entropy String",
        "verified_result": null
      },
      {
        "hashed_secret": "6333c496a262346ec033c10a9da94bcaeaab10b3",
        "is_secret": false,
        "is_verified": false,
        "line_number": 1208,
        "type": "Base64 High Entropy String",
        "verified_result": null
      },
      {
        "hashed_secret": "7447b1ba0a8be59be886ddac716451a19dd89c79",
        "is_secret": false,
        "is_verified": false,
        "line_number": 1215,
        "type": "Base64 High Entropy String",
        "verified_result": null
      },
      {
        "hashed_secret": "8d73db03d596fc2383cce18710ce6efa95a1543c",
        "is_secret": false,
        "is_verified": false,
        "line_number": 1225,
        "type": "Base64 High Entropy String",
        "verified_result": null
      },
      {
        "hashed_secret": "d9ea4a68b988aca799b7049c045c05d7f5eb839a",
        "is_secret": false,
        "is_verified": false,
        "line_number": 1232,
        "type": "Base64 High Entropy String",
        "verified_result": null
      },
      {
        "hashed_secret": "8842ad0c2b8591c188d31740af8c97f7497952f5",
        "is_secret": false,
        "is_verified": false,
        "line_number": 1239,
        "type": "Base64 High Entropy String",
        "verified_result": null
      },
      {
        "hashed_secret": "843f6adc83e5bab548b2c1780b57d389041c7960",
        "is_secret": false,
        "is_verified": false,
        "line_number": 1253,
        "type": "Base64 High Entropy String",
        "verified_result": null
      },
      {
        "hashed_secret": "0bb042b843573172471a24b57b84d54ba2ae20a7",
        "is_secret": false,
        "is_verified": false,
        "line_number": 1267,
        "type": "Base64 High Entropy String",
        "verified_result": null
      },
      {
        "hashed_secret": "24a26fde2915eb83aeb5b58047c67633448aadcc",
        "is_secret": false,
        "is_verified": false,
        "line_number": 1281,
        "type": "Base64 High Entropy String",
        "verified_result": null
      },
      {
        "hashed_secret": "14bbf3e2247b687a2073aeedfe1a1bb199c7cd5f",
        "is_secret": false,
        "is_verified": false,
        "line_number": 1295,
        "type": "Base64 High Entropy String",
        "verified_result": null
      },
      {
        "hashed_secret": "ba3151c71df586ac67f0e20bb86af1f1841c695d",
        "is_secret": false,
        "is_verified": false,
        "line_number": 1309,
        "type": "Base64 High Entropy String",
        "verified_result": null
      },
      {
        "hashed_secret": "5a01aaedf6ce0250d934af8db3d9c5d37b3cfa6f",
        "is_secret": false,
        "is_verified": false,
        "line_number": 1323,
        "type": "Base64 High Entropy String",
        "verified_result": null
      },
      {
        "hashed_secret": "6f2cdb3f3bb55a86fc6718198490e5de840d6cc3",
        "is_secret": false,
        "is_verified": false,
        "line_number": 1337,
        "type": "Base64 High Entropy String",
        "verified_result": null
      },
      {
        "hashed_secret": "e4bb77220eb431a8e23d0448d352aa6798396f49",
        "is_secret": false,
        "is_verified": false,
        "line_number": 1351,
        "type": "Base64 High Entropy String",
        "verified_result": null
      },
      {
        "hashed_secret": "8b907cff5099cbd0c2dc3b29fc93b875d267d846",
        "is_secret": false,
        "is_verified": false,
        "line_number": 1365,
        "type": "Base64 High Entropy String",
        "verified_result": null
      },
      {
        "hashed_secret": "fdad62357203dd309d14a7656ef638dddfc6a4f4",
        "is_secret": false,
        "is_verified": false,
        "line_number": 1379,
        "type": "Base64 High Entropy String",
        "verified_result": null
      },
      {
        "hashed_secret": "dce5179f9c57f3995ad68bc6f7cdb0f402344020",
        "is_secret": false,
        "is_verified": false,
        "line_number": 1393,
        "type": "Base64 High Entropy String",
        "verified_result": null
      },
      {
        "hashed_secret": "e431f461f14ae4aa92ca9a304256467d315385d6",
        "is_secret": false,
        "is_verified": false,
        "line_number": 1407,
        "type": "Base64 High Entropy String",
        "verified_result": null
      },
      {
        "hashed_secret": "5a5c88a7b7a3cbb7d79e3c4eb272e2a49fc4f99f",
        "is_secret": false,
        "is_verified": false,
        "line_number": 1421,
        "type": "Base64 High Entropy String",
        "verified_result": null
      },
      {
        "hashed_secret": "d8ad402d1afd4eebda4d52652a5b1285a787d171",
        "is_secret": false,
        "is_verified": false,
        "line_number": 1435,
        "type": "Base64 High Entropy String",
        "verified_result": null
      },
      {
        "hashed_secret": "9b4737273b58c6b6b505f753a93507043228b137",
        "is_secret": false,
        "is_verified": false,
        "line_number": 1449,
        "type": "Base64 High Entropy String",
        "verified_result": null
      },
      {
        "hashed_secret": "29338d4886dd68d07f58cdc0371a13c35922a199",
        "is_secret": false,
        "is_verified": false,
        "line_number": 1466,
        "type": "Base64 High Entropy String",
        "verified_result": null
      },
      {
        "hashed_secret": "f6c2ddf97f92d4d8afee3ab85e40c99943258b41",
        "is_secret": false,
        "is_verified": false,
        "line_number": 1480,
        "type": "Base64 High Entropy String",
        "verified_result": null
      },
      {
        "hashed_secret": "3880ca9edb15902cf3bdbc88e95723f18a879154",
        "is_secret": false,
        "is_verified": false,
        "line_number": 1494,
        "type": "Base64 High Entropy String",
        "verified_result": null
      },
      {
        "hashed_secret": "9ffd4cfc9764a8a508ca76013e3d2e89db9f7ca1",
        "is_secret": false,
        "is_verified": false,
        "line_number": 1508,
        "type": "Base64 High Entropy String",
        "verified_result": null
      },
      {
        "hashed_secret": "5cf5cffaf791e9c3efd3e28c76c335d69df09aa2",
        "is_secret": false,
        "is_verified": false,
        "line_number": 1524,
        "type": "Base64 High Entropy String",
        "verified_result": null
      },
      {
        "hashed_secret": "d15b82853a984c45aab87399878c98082bac85ba",
        "is_secret": false,
        "is_verified": false,
        "line_number": 1537,
        "type": "Base64 High Entropy String",
        "verified_result": null
      },
      {
        "hashed_secret": "69508e9f25ead6b12c7a762c93b2a5b9cb587d60",
        "is_secret": false,
        "is_verified": false,
        "line_number": 1553,
        "type": "Base64 High Entropy String",
        "verified_result": null
      },
      {
        "hashed_secret": "d2eb4e9361fd3c06052590c09d8b407f1753b2d4",
        "is_secret": false,
        "is_verified": false,
        "line_number": 1567,
        "type": "Base64 High Entropy String",
        "verified_result": null
      },
      {
        "hashed_secret": "da6d9fce615851f23e5e7bd02c6cfd43a486af73",
        "is_secret": false,
        "is_verified": false,
        "line_number": 1577,
        "type": "Base64 High Entropy String",
        "verified_result": null
      },
      {
        "hashed_secret": "599395997c127ee79a03df8cbc9c57d9c5c4b39b",
        "is_secret": false,
        "is_verified": false,
        "line_number": 1584,
        "type": "Base64 High Entropy String",
        "verified_result": null
      },
      {
        "hashed_secret": "1b9e8262f94e16bc2d275d6ba39186497d9d3503",
        "is_secret": false,
        "is_verified": false,
        "line_number": 1590,
        "type": "Base64 High Entropy String",
        "verified_result": null
      },
      {
        "hashed_secret": "c6b6030d1d342716084e90715e642f0251d9af63",
        "is_secret": false,
        "is_verified": false,
        "line_number": 1601,
        "type": "Base64 High Entropy String",
        "verified_result": null
      },
      {
        "hashed_secret": "3a891e6e826d5d32c89a3772fcf9e15b10e5d2c8",
        "is_secret": false,
        "is_verified": false,
        "line_number": 1615,
        "type": "Base64 High Entropy String",
        "verified_result": null
      },
      {
        "hashed_secret": "3485e6ff430b3359b29c21749e7c6da958d65694",
        "is_secret": false,
        "is_verified": false,
        "line_number": 1637,
        "type": "Base64 High Entropy String",
        "verified_result": null
      },
      {
        "hashed_secret": "0c4bda37196b07e093d1df6a337e2692c138929f",
        "is_secret": false,
        "is_verified": false,
        "line_number": 1654,
        "type": "Base64 High Entropy String",
        "verified_result": null
      },
      {
        "hashed_secret": "dfbcc3108664fd08abe095de8f4b0b89d542a09e",
        "is_secret": false,
        "is_verified": false,
        "line_number": 1669,
        "type": "Base64 High Entropy String",
        "verified_result": null
      },
      {
        "hashed_secret": "4fdbdcbfb958dd1b903e4bb656ebf20b9a685938",
        "is_secret": false,
        "is_verified": false,
        "line_number": 1696,
        "type": "Base64 High Entropy String",
        "verified_result": null
      },
      {
        "hashed_secret": "5b7cd7946ca5e56496386ea38016606310bfcf03",
        "is_secret": false,
        "is_verified": false,
        "line_number": 1713,
        "type": "Base64 High Entropy String",
        "verified_result": null
      },
      {
        "hashed_secret": "301ec28c85c9d136ed8b90c2defb08d2d1dc6dc0",
        "is_secret": false,
        "is_verified": false,
        "line_number": 1720,
        "type": "Base64 High Entropy String",
        "verified_result": null
      },
      {
        "hashed_secret": "4cd454d960136b7b4f74cca3c12010ff2ebd7663",
        "is_secret": false,
        "is_verified": false,
        "line_number": 1730,
        "type": "Base64 High Entropy String",
        "verified_result": null
      },
      {
        "hashed_secret": "bdfa81b25b20a6978efd55b08c5d507d82fb13ed",
        "is_secret": false,
        "is_verified": false,
        "line_number": 1743,
        "type": "Base64 High Entropy String",
        "verified_result": null
      },
      {
        "hashed_secret": "eaec307cdbac1f73cd6f87a413194cca794dc14c",
        "is_secret": false,
        "is_verified": false,
        "line_number": 1776,
        "type": "Base64 High Entropy String",
        "verified_result": null
      },
      {
        "hashed_secret": "39706ecd1dc7f7807e0136ae3d22a50f9a7a6229",
        "is_secret": false,
        "is_verified": false,
        "line_number": 1789,
        "type": "Base64 High Entropy String",
        "verified_result": null
      },
      {
        "hashed_secret": "38119d6755480fd81caed75382e6bcbb3685ca44",
        "is_secret": false,
        "is_verified": false,
        "line_number": 1799,
        "type": "Base64 High Entropy String",
        "verified_result": null
      },
      {
        "hashed_secret": "09ce1f68022d542bd4b111b2e648b4261e7ea537",
        "is_secret": false,
        "is_verified": false,
        "line_number": 1806,
        "type": "Base64 High Entropy String",
        "verified_result": null
      },
      {
        "hashed_secret": "7e0c8e7bebd3b26c7a99961ec3498c0448dcb08d",
        "is_secret": false,
        "is_verified": false,
        "line_number": 1819,
        "type": "Base64 High Entropy String",
        "verified_result": null
      },
      {
        "hashed_secret": "accd3d42ae3e5a54f5c871a2c507ec4d5955911f",
        "is_secret": false,
        "is_verified": false,
        "line_number": 1829,
        "type": "Base64 High Entropy String",
        "verified_result": null
      },
      {
        "hashed_secret": "32b6c600d71310de0e7bbc7b46bf3e60132f1539",
        "is_secret": false,
        "is_verified": false,
        "line_number": 1839,
        "type": "Base64 High Entropy String",
        "verified_result": null
      },
      {
        "hashed_secret": "5e5e944819f9ed1defbf3b9cf387214fb2f04d61",
        "is_secret": false,
        "is_verified": false,
        "line_number": 1860,
        "type": "Base64 High Entropy String",
        "verified_result": null
      },
      {
        "hashed_secret": "f4bc56ad66486cf701c55579bcf67111c569f7bf",
        "is_secret": false,
        "is_verified": false,
        "line_number": 1877,
        "type": "Base64 High Entropy String",
        "verified_result": null
      },
      {
        "hashed_secret": "01dc1ecbf3609e07708cb5d8368f6c964765bbe9",
        "is_secret": false,
        "is_verified": false,
        "line_number": 1887,
        "type": "Base64 High Entropy String",
        "verified_result": null
      },
      {
        "hashed_secret": "1118b1971e21e9244befa36e6c192a8beecaf5c8",
        "is_secret": false,
        "is_verified": false,
        "line_number": 1903,
        "type": "Base64 High Entropy String",
        "verified_result": null
      },
      {
        "hashed_secret": "43e69c85090264b5501c0964aaa3d048ee08fd37",
        "is_secret": false,
        "is_verified": false,
        "line_number": 1910,
        "type": "Base64 High Entropy String",
        "verified_result": null
      },
      {
        "hashed_secret": "94729895770b7ab7572f90b68f3ed85a3ed06125",
        "is_secret": false,
        "is_verified": false,
        "line_number": 1988,
        "type": "Base64 High Entropy String",
        "verified_result": null
      },
      {
        "hashed_secret": "c5c346219c1b0dcd800c37bca46f05d6cc27fd2f",
        "is_secret": false,
        "is_verified": false,
        "line_number": 1999,
        "type": "Base64 High Entropy String",
        "verified_result": null
      },
      {
        "hashed_secret": "4ed49acfbd180533265d2099f3043963c4a24443",
        "is_secret": false,
        "is_verified": false,
        "line_number": 2006,
        "type": "Base64 High Entropy String",
        "verified_result": null
      },
      {
        "hashed_secret": "428e72f71455a785963f1df5f85c26c6d6ae519b",
        "is_secret": false,
        "is_verified": false,
        "line_number": 2019,
        "type": "Base64 High Entropy String",
        "verified_result": null
      },
      {
        "hashed_secret": "83307cb75a4a44ba528f4a0aefcec2a8018dc6d8",
        "is_secret": false,
        "is_verified": false,
        "line_number": 2026,
        "type": "Base64 High Entropy String",
        "verified_result": null
      },
      {
        "hashed_secret": "98da97093cff2b0693b2f8ccc5b7e74758ae9f3e",
        "is_secret": false,
        "is_verified": false,
        "line_number": 2038,
        "type": "Base64 High Entropy String",
        "verified_result": null
      },
      {
        "hashed_secret": "08c8ee0987f57add8cd4071488caef8ec431336a",
        "is_secret": false,
        "is_verified": false,
        "line_number": 2045,
        "type": "Base64 High Entropy String",
        "verified_result": null
      },
      {
        "hashed_secret": "862951cd71d0412b5e52bae3e952725486a655b0",
        "is_secret": false,
        "is_verified": false,
        "line_number": 2052,
        "type": "Base64 High Entropy String",
        "verified_result": null
      },
      {
        "hashed_secret": "efde2de89be9751c3f5ba6eef72ec684690ba3aa",
        "is_secret": false,
        "is_verified": false,
        "line_number": 2067,
        "type": "Base64 High Entropy String",
        "verified_result": null
      },
      {
        "hashed_secret": "214a8f720653209726c722c42f6955a8b059efe9",
        "is_secret": false,
        "is_verified": false,
        "line_number": 2085,
        "type": "Base64 High Entropy String",
        "verified_result": null
      },
      {
        "hashed_secret": "c0c7aeed5e5a888b2aa3cdb739955fd27d25335e",
        "is_secret": false,
        "is_verified": false,
        "line_number": 2100,
        "type": "Base64 High Entropy String",
        "verified_result": null
      },
      {
        "hashed_secret": "6263b491d8e05bc0d6bc8b232c3a06044db2232c",
        "is_secret": false,
        "is_verified": false,
        "line_number": 2110,
        "type": "Base64 High Entropy String",
        "verified_result": null
      },
      {
        "hashed_secret": "5cfbb495a02b599314652dfe8204aadb5cd48fbf",
        "is_secret": false,
        "is_verified": false,
        "line_number": 2119,
        "type": "Base64 High Entropy String",
        "verified_result": null
      },
      {
        "hashed_secret": "79119667cecad09809c34832b1f2b650b5ccded7",
        "is_secret": false,
        "is_verified": false,
        "line_number": 2129,
        "type": "Base64 High Entropy String",
        "verified_result": null
      },
      {
        "hashed_secret": "da3e732bacfbc1b6e5ac2ec23fd153c53622b4bf",
        "is_secret": false,
        "is_verified": false,
        "line_number": 2143,
        "type": "Base64 High Entropy String",
        "verified_result": null
      },
      {
        "hashed_secret": "78cdb9394ef4877d823cda3392c60c8d7c588edd",
        "is_secret": false,
        "is_verified": false,
        "line_number": 2150,
        "type": "Base64 High Entropy String",
        "verified_result": null
      },
      {
        "hashed_secret": "7540ee86ac59b18f801ab09e165e1f928180cb82",
        "is_secret": false,
        "is_verified": false,
        "line_number": 2166,
        "type": "Base64 High Entropy String",
        "verified_result": null
      },
      {
        "hashed_secret": "e59823f0907ab15ce17c9ea2f498697f072d6f0b",
        "is_secret": false,
        "is_verified": false,
        "line_number": 2173,
        "type": "Base64 High Entropy String",
        "verified_result": null
      },
      {
        "hashed_secret": "b3e321bc2eec51aaeb743b17220649f3d43443bf",
        "is_secret": false,
        "is_verified": false,
        "line_number": 2186,
        "type": "Base64 High Entropy String",
        "verified_result": null
      },
      {
        "hashed_secret": "8af94d587ff04c1f1a5c8990e2ade46a8fc41f6b",
        "is_secret": false,
        "is_verified": false,
        "line_number": 2193,
        "type": "Base64 High Entropy String",
        "verified_result": null
      },
      {
        "hashed_secret": "6d1db030d72c8b03fd95eaeb0266255402f70df5",
        "is_secret": false,
        "is_verified": false,
        "line_number": 2203,
        "type": "Base64 High Entropy String",
        "verified_result": null
      },
      {
        "hashed_secret": "cf75ddffbc923b32123e91e069fbcb97ac39c4d9",
        "is_secret": false,
        "is_verified": false,
        "line_number": 2212,
        "type": "Base64 High Entropy String",
        "verified_result": null
      },
      {
        "hashed_secret": "417a00b911e0b72a50a597cb7c4c70885c55516e",
        "is_secret": false,
        "is_verified": false,
        "line_number": 2221,
        "type": "Base64 High Entropy String",
        "verified_result": null
      },
      {
        "hashed_secret": "e28508e3ee2cfadee43ef9cfb9bb3b5d5d8ef5af",
        "is_secret": false,
        "is_verified": false,
        "line_number": 2233,
        "type": "Base64 High Entropy String",
        "verified_result": null
      },
      {
        "hashed_secret": "3cb8e7a708267691af8530db673cae1ad0578392",
        "is_secret": false,
        "is_verified": false,
        "line_number": 2248,
        "type": "Base64 High Entropy String",
        "verified_result": null
      },
      {
        "hashed_secret": "25f91f21090c20e53ec7b34dbd7db402baf227b6",
        "is_secret": false,
        "is_verified": false,
        "line_number": 2258,
        "type": "Base64 High Entropy String",
        "verified_result": null
      },
      {
        "hashed_secret": "d8863c346b87ab9e420048134928a830cdb44e4f",
        "is_secret": false,
        "is_verified": false,
        "line_number": 2268,
        "type": "Base64 High Entropy String",
        "verified_result": null
      },
      {
        "hashed_secret": "4b14989c7328ad3949ab46c13655b0571d524c8f",
        "is_secret": false,
        "is_verified": false,
        "line_number": 2282,
        "type": "Base64 High Entropy String",
        "verified_result": null
      },
      {
        "hashed_secret": "23423aec1fa9a6422ea8dbb0c73bd0174b2b38cf",
        "is_secret": false,
        "is_verified": false,
        "line_number": 2306,
        "type": "Base64 High Entropy String",
        "verified_result": null
      },
      {
        "hashed_secret": "0271ba23ffedb48366d081c6b6067ad2d4fe18ba",
        "is_secret": false,
        "is_verified": false,
        "line_number": 2313,
        "type": "Base64 High Entropy String",
        "verified_result": null
      },
      {
        "hashed_secret": "2c30029f191c1e3a53ffbec2a13a22fd6a69248a",
        "is_secret": false,
        "is_verified": false,
        "line_number": 2323,
        "type": "Base64 High Entropy String",
        "verified_result": null
      },
      {
        "hashed_secret": "c0f64a532897bbd5497996fdfec7cfcd087540ce",
        "is_secret": false,
        "is_verified": false,
        "line_number": 2341,
        "type": "Base64 High Entropy String",
        "verified_result": null
      },
      {
        "hashed_secret": "fea0d9c5b0c53c41e6a0a961a49cccc170847120",
        "is_secret": false,
        "is_verified": false,
        "line_number": 2348,
        "type": "Base64 High Entropy String",
        "verified_result": null
      },
      {
        "hashed_secret": "383566eee3c76b6e18064f3ebd645b26bbbfa121",
        "is_secret": false,
        "is_verified": false,
        "line_number": 2355,
        "type": "Base64 High Entropy String",
        "verified_result": null
      },
      {
        "hashed_secret": "019ff2f3570c014c11ac3a4fa470f302965ca9b1",
        "is_secret": false,
        "is_verified": false,
        "line_number": 2365,
        "type": "Base64 High Entropy String",
        "verified_result": null
      },
      {
        "hashed_secret": "ff70ed096c61e045f4b04b371fd5216092d979ab",
        "is_secret": false,
        "is_verified": false,
        "line_number": 2375,
        "type": "Base64 High Entropy String",
        "verified_result": null
      },
      {
        "hashed_secret": "7c235e480345a8563b9b7348d8b568bd51bf3814",
        "is_secret": false,
        "is_verified": false,
        "line_number": 2388,
        "type": "Base64 High Entropy String",
        "verified_result": null
      },
      {
        "hashed_secret": "0987509f1737d3768558ac71de7b481f4170f957",
        "is_secret": false,
        "is_verified": false,
        "line_number": 2401,
        "type": "Base64 High Entropy String",
        "verified_result": null
      },
      {
        "hashed_secret": "4e2448d2c662d8a7f5a176bf0ce951581675d205",
        "is_secret": false,
        "is_verified": false,
        "line_number": 2415,
        "type": "Base64 High Entropy String",
        "verified_result": null
      },
      {
        "hashed_secret": "3aa0faf721de27687f7be4cc9ed4e61c745e6e44",
        "is_secret": false,
        "is_verified": false,
        "line_number": 2435,
        "type": "Base64 High Entropy String",
        "verified_result": null
      },
      {
        "hashed_secret": "8880036dd8f74c6cd85075c896ff8851627a0919",
        "is_secret": false,
        "is_verified": false,
        "line_number": 2452,
        "type": "Base64 High Entropy String",
        "verified_result": null
      },
      {
        "hashed_secret": "373831427f7199408d11295085894b997d8537cf",
        "is_secret": false,
        "is_verified": false,
        "line_number": 2468,
        "type": "Base64 High Entropy String",
        "verified_result": null
      },
      {
        "hashed_secret": "d950cd8ef510429f57fb282e4a437321ca86158c",
        "is_secret": false,
        "is_verified": false,
        "line_number": 2475,
        "type": "Base64 High Entropy String",
        "verified_result": null
      },
      {
        "hashed_secret": "e7f54899a1654525fbfb1d8c3ac44d632f655af1",
        "is_secret": false,
        "is_verified": false,
        "line_number": 2490,
        "type": "Base64 High Entropy String",
        "verified_result": null
      },
      {
        "hashed_secret": "f5e09813aa79c07abdd4edd0469c3fad0a4ec10d",
        "is_secret": false,
        "is_verified": false,
        "line_number": 2499,
        "type": "Base64 High Entropy String",
        "verified_result": null
      },
      {
        "hashed_secret": "184476d985c0d799b82544165cb4d456129f594c",
        "is_secret": false,
        "is_verified": false,
        "line_number": 2509,
        "type": "Base64 High Entropy String",
        "verified_result": null
      },
      {
        "hashed_secret": "4cd3a1b109eb67acf1557141e83880899d18eaea",
        "is_secret": false,
        "is_verified": false,
        "line_number": 2519,
        "type": "Base64 High Entropy String",
        "verified_result": null
      },
      {
        "hashed_secret": "af5908e182714b9cf3e23d94666ad6aee26514a9",
        "is_secret": false,
        "is_verified": false,
        "line_number": 2543,
        "type": "Base64 High Entropy String",
        "verified_result": null
      },
      {
        "hashed_secret": "5a4d96497ba98531c9c36ced1d043fbd8c535eff",
        "is_secret": false,
        "is_verified": false,
        "line_number": 2553,
        "type": "Base64 High Entropy String",
        "verified_result": null
      },
      {
        "hashed_secret": "12d7fe8a858191bcb754bf370fa775a409eac3c9",
        "is_secret": false,
        "is_verified": false,
        "line_number": 2566,
        "type": "Base64 High Entropy String",
        "verified_result": null
      },
      {
        "hashed_secret": "ccf610151dd8c560eb61b9ef96d18395c2f89499",
        "is_secret": false,
        "is_verified": false,
        "line_number": 2579,
        "type": "Base64 High Entropy String",
        "verified_result": null
      },
      {
        "hashed_secret": "979e2a14e4576c62a9748d7466bfa7f4f3a0620d",
        "is_secret": false,
        "is_verified": false,
        "line_number": 2600,
        "type": "Base64 High Entropy String",
        "verified_result": null
      },
      {
        "hashed_secret": "1e074256695d27dc0bea46d8da0b7d078ac360b9",
        "is_secret": false,
        "is_verified": false,
        "line_number": 2612,
        "type": "Base64 High Entropy String",
        "verified_result": null
      },
      {
        "hashed_secret": "086b47ff4b09d5daf48fc11a12842df114051a64",
        "is_secret": false,
        "is_verified": false,
        "line_number": 2619,
        "type": "Base64 High Entropy String",
        "verified_result": null
      },
      {
        "hashed_secret": "0d97c7fe1c124e07eb8bba42a86419c083ba0591",
        "is_secret": false,
        "is_verified": false,
        "line_number": 2629,
        "type": "Base64 High Entropy String",
        "verified_result": null
      },
      {
        "hashed_secret": "e07f2c68e0fe6abfac19da4e9dd0c81669de7078",
        "is_secret": false,
        "is_verified": false,
        "line_number": 2641,
        "type": "Base64 High Entropy String",
        "verified_result": null
      },
      {
        "hashed_secret": "f52c08f63289414b8da2ea1271f68c9e1d6338ea",
        "is_secret": false,
        "is_verified": false,
        "line_number": 2656,
        "type": "Base64 High Entropy String",
        "verified_result": null
      },
      {
        "hashed_secret": "bbc5944e53f4bc00cb7c83d4ffdf2f3e477e2ee5",
        "is_secret": false,
        "is_verified": false,
        "line_number": 2668,
        "type": "Base64 High Entropy String",
        "verified_result": null
      },
      {
        "hashed_secret": "935d0ebd64dba2fd3ec6ab430ddc9b692acef7d0",
        "is_secret": false,
        "is_verified": false,
        "line_number": 2675,
        "type": "Base64 High Entropy String",
        "verified_result": null
      },
      {
        "hashed_secret": "f668db2ce6001bba5403f0fa041d3a1d7d4dd608",
        "is_secret": false,
        "is_verified": false,
        "line_number": 2685,
        "type": "Base64 High Entropy String",
        "verified_result": null
      },
      {
        "hashed_secret": "e25be230742364f1ee60067a756da19dc7572126",
        "is_secret": false,
        "is_verified": false,
        "line_number": 2705,
        "type": "Base64 High Entropy String",
        "verified_result": null
      },
      {
        "hashed_secret": "41e520378cd188868d9d2d6408c080f6fd5b37c9",
        "is_secret": false,
        "is_verified": false,
        "line_number": 2715,
        "type": "Base64 High Entropy String",
        "verified_result": null
      },
      {
        "hashed_secret": "cf09cb791688fe019284bfdc362abc41918645a5",
        "is_secret": false,
        "is_verified": false,
        "line_number": 2727,
        "type": "Base64 High Entropy String",
        "verified_result": null
      },
      {
        "hashed_secret": "28b39ec24e3005969658899da8df00018ced10cf",
        "is_secret": false,
        "is_verified": false,
        "line_number": 2734,
        "type": "Base64 High Entropy String",
        "verified_result": null
      },
      {
        "hashed_secret": "54f69bc0d2df8b432d5ba5343ce380a418da3592",
        "is_secret": false,
        "is_verified": false,
        "line_number": 2741,
        "type": "Base64 High Entropy String",
        "verified_result": null
      },
      {
        "hashed_secret": "d5ec021cbb92c3486e38fac176f4f59a6c1d92e8",
        "is_secret": false,
        "is_verified": false,
        "line_number": 2765,
        "type": "Base64 High Entropy String",
        "verified_result": null
      },
      {
        "hashed_secret": "2d9bb7f81fd01f857fe9dd8bba1b0136ef524c49",
        "is_secret": false,
        "is_verified": false,
        "line_number": 2775,
        "type": "Base64 High Entropy String",
        "verified_result": null
      },
      {
        "hashed_secret": "f88f23dafd3c868018f752bc0f0b816603b8fdcf",
        "is_secret": false,
        "is_verified": false,
        "line_number": 2785,
        "type": "Base64 High Entropy String",
        "verified_result": null
      },
      {
        "hashed_secret": "8f95bdf43361cffe6720264f402b5636239f6367",
        "is_secret": false,
        "is_verified": false,
        "line_number": 2792,
        "type": "Base64 High Entropy String",
        "verified_result": null
      },
      {
        "hashed_secret": "7e775297f58b69533534e9a520c7b8b5bde51a0f",
        "is_secret": false,
        "is_verified": false,
        "line_number": 2802,
        "type": "Base64 High Entropy String",
        "verified_result": null
      },
      {
        "hashed_secret": "4e5e279b264f80f6302507f3bc02028118a5381f",
        "is_secret": false,
        "is_verified": false,
        "line_number": 2815,
        "type": "Base64 High Entropy String",
        "verified_result": null
      },
      {
        "hashed_secret": "e53d61332d1bf1be17d33eb4955ecd7fbed6bf02",
        "is_secret": false,
        "is_verified": false,
        "line_number": 2822,
        "type": "Base64 High Entropy String",
        "verified_result": null
      },
      {
        "hashed_secret": "37f829b714b81fa242bfeb76fab61cc87effed86",
        "is_secret": false,
        "is_verified": false,
        "line_number": 2832,
        "type": "Base64 High Entropy String",
        "verified_result": null
      },
      {
        "hashed_secret": "4dfc67bc966e2494008a5f5e346fca119afccb91",
        "is_secret": false,
        "is_verified": false,
        "line_number": 2862,
        "type": "Base64 High Entropy String",
        "verified_result": null
      },
      {
        "hashed_secret": "3bff8900ed11d9495504774a20bd23285d6e9978",
        "is_secret": false,
        "is_verified": false,
        "line_number": 2877,
        "type": "Base64 High Entropy String",
        "verified_result": null
      },
      {
        "hashed_secret": "9be4cd1ee9937c302b20d1dfbeb3000016f98293",
        "is_secret": false,
        "is_verified": false,
        "line_number": 2892,
        "type": "Base64 High Entropy String",
        "verified_result": null
      },
      {
        "hashed_secret": "f8e1856295ecbf3d0c5b858e3d6fb63209e97f03",
        "is_secret": false,
        "is_verified": false,
        "line_number": 2906,
        "type": "Base64 High Entropy String",
        "verified_result": null
      },
      {
        "hashed_secret": "17c6245370891659e3b180aeadd21628b5fed9d4",
        "is_secret": false,
        "is_verified": false,
        "line_number": 2922,
        "type": "Base64 High Entropy String",
        "verified_result": null
      },
      {
        "hashed_secret": "c7411c48a687de4633c437556dc9d83f0349e792",
        "is_secret": false,
        "is_verified": false,
        "line_number": 2965,
        "type": "Base64 High Entropy String",
        "verified_result": null
      },
      {
        "hashed_secret": "11fd9b5b52ef9c3424f08cf39b03b96645987845",
        "is_secret": false,
        "is_verified": false,
        "line_number": 2992,
        "type": "Base64 High Entropy String",
        "verified_result": null
      },
      {
        "hashed_secret": "d78726fb67c380f34b06b623866838b89afe3336",
        "is_secret": false,
        "is_verified": false,
        "line_number": 3007,
        "type": "Base64 High Entropy String",
        "verified_result": null
      },
      {
        "hashed_secret": "4df268dd6404d10a4d2d24461c8dfb2b7615b8b6",
        "is_secret": false,
        "is_verified": false,
        "line_number": 3039,
        "type": "Base64 High Entropy String",
        "verified_result": null
      },
      {
        "hashed_secret": "5261ae6c955effa2dd61c7da7f7fff23af9e90d7",
        "is_secret": false,
        "is_verified": false,
        "line_number": 3072,
        "type": "Base64 High Entropy String",
        "verified_result": null
      },
      {
        "hashed_secret": "a43601d65b689906e33157b47258052418eafa17",
        "is_secret": false,
        "is_verified": false,
        "line_number": 3124,
        "type": "Base64 High Entropy String",
        "verified_result": null
      },
      {
        "hashed_secret": "07908f42ea25858dbc7f3f183365beaddaed7a27",
        "is_secret": false,
        "is_verified": false,
        "line_number": 3140,
        "type": "Base64 High Entropy String",
        "verified_result": null
      },
      {
        "hashed_secret": "20917eafdc5ab1000331589ff088958e07fc6eb1",
        "is_secret": false,
        "is_verified": false,
        "line_number": 3153,
        "type": "Base64 High Entropy String",
        "verified_result": null
      },
      {
        "hashed_secret": "04baba5331d8298cd7d8aa8710ec398b37cabdee",
        "is_secret": false,
        "is_verified": false,
        "line_number": 3170,
        "type": "Base64 High Entropy String",
        "verified_result": null
      },
      {
        "hashed_secret": "6040db0dd59aa1820b489c8efabd24ce113134c2",
        "is_secret": false,
        "is_verified": false,
        "line_number": 3189,
        "type": "Base64 High Entropy String",
        "verified_result": null
      },
      {
        "hashed_secret": "1e70725cfcb7f412fa68d34455c1688467bfa00a",
        "is_secret": false,
        "is_verified": false,
        "line_number": 3214,
        "type": "Base64 High Entropy String",
        "verified_result": null
      },
      {
        "hashed_secret": "f13adf021069897c23a6bd75990d705608ec340b",
        "is_secret": false,
        "is_verified": false,
        "line_number": 3228,
        "type": "Base64 High Entropy String",
        "verified_result": null
      },
      {
        "hashed_secret": "b7240b445d06b28273d23987c90e680f58dd7f7c",
        "is_secret": false,
        "is_verified": false,
        "line_number": 3244,
        "type": "Base64 High Entropy String",
        "verified_result": null
      },
      {
        "hashed_secret": "f6209423912e67cdea012d57dd1e092f572cb9fb",
        "is_secret": false,
        "is_verified": false,
        "line_number": 3265,
        "type": "Base64 High Entropy String",
        "verified_result": null
      },
      {
        "hashed_secret": "27b02ebe9968e8bf56485bf9fb773360771db656",
        "is_secret": false,
        "is_verified": false,
        "line_number": 3280,
        "type": "Base64 High Entropy String",
        "verified_result": null
      },
      {
        "hashed_secret": "082460674bd63d8d5582b9dbf1f7e05b72d6bc46",
        "is_secret": false,
        "is_verified": false,
        "line_number": 3298,
        "type": "Base64 High Entropy String",
        "verified_result": null
      },
      {
        "hashed_secret": "c63ccbea87aca4caf2415d60e9e0122ec12b9deb",
        "is_secret": false,
        "is_verified": false,
        "line_number": 3308,
        "type": "Base64 High Entropy String",
        "verified_result": null
      },
      {
        "hashed_secret": "a11c68a0fa148d85b834ca56f4ba681a43c076bd",
        "is_secret": false,
        "is_verified": false,
        "line_number": 3328,
        "type": "Base64 High Entropy String",
        "verified_result": null
      },
      {
        "hashed_secret": "0e96ee37d877055c9af5c809d4b89b907da10e07",
        "is_secret": false,
        "is_verified": false,
        "line_number": 3342,
        "type": "Base64 High Entropy String",
        "verified_result": null
      },
      {
        "hashed_secret": "e8f7dd763735e65ab0d56dfcd49045d67824caf9",
        "is_secret": false,
        "is_verified": false,
        "line_number": 3376,
        "type": "Base64 High Entropy String",
        "verified_result": null
      },
      {
        "hashed_secret": "9c3fd84905957ee71acf4d4ba678530a3ba5c768",
        "is_secret": false,
        "is_verified": false,
        "line_number": 3410,
        "type": "Base64 High Entropy String",
        "verified_result": null
      },
      {
        "hashed_secret": "4c0b05f9fcbaa13b2d650ebcd1d4745dcaaba284",
        "is_secret": false,
        "is_verified": false,
        "line_number": 3456,
        "type": "Base64 High Entropy String",
        "verified_result": null
      },
      {
        "hashed_secret": "06477f13a769300ebac81ebe76739fb78432f564",
        "is_secret": false,
        "is_verified": false,
        "line_number": 3474,
        "type": "Base64 High Entropy String",
        "verified_result": null
      },
      {
        "hashed_secret": "f5407212e3be5dc4a5692950b0fb297744be3a21",
        "is_secret": false,
        "is_verified": false,
        "line_number": 3487,
        "type": "Base64 High Entropy String",
        "verified_result": null
      },
      {
        "hashed_secret": "6791035095fb16620100008d8bd175f89259e13f",
        "is_secret": false,
        "is_verified": false,
        "line_number": 3505,
        "type": "Base64 High Entropy String",
        "verified_result": null
      },
      {
        "hashed_secret": "397e369df004f412f88672b1a366fcc4f8ceb66d",
        "is_secret": false,
        "is_verified": false,
        "line_number": 3518,
        "type": "Base64 High Entropy String",
        "verified_result": null
      },
      {
        "hashed_secret": "1241d04541c6a1203c81c5a557e3583e1ec69152",
        "is_secret": false,
        "is_verified": false,
        "line_number": 3538,
        "type": "Base64 High Entropy String",
        "verified_result": null
      },
      {
        "hashed_secret": "869a40b729083c41268e4ff73da71ad253b63821",
        "is_secret": false,
        "is_verified": false,
        "line_number": 3555,
        "type": "Base64 High Entropy String",
        "verified_result": null
      },
      {
        "hashed_secret": "5856bd4cb3a23981807d6e537408344c13ffaada",
        "is_secret": false,
        "is_verified": false,
        "line_number": 3571,
        "type": "Base64 High Entropy String",
        "verified_result": null
      },
      {
        "hashed_secret": "fcb18ac405c4e422fe4b38c25a8f936a08da7223",
        "is_secret": false,
        "is_verified": false,
        "line_number": 3578,
        "type": "Base64 High Entropy String",
        "verified_result": null
      },
      {
        "hashed_secret": "3773d33c5207f8939a7a42e355daa3e28619cab1",
        "is_secret": false,
        "is_verified": false,
        "line_number": 3592,
        "type": "Base64 High Entropy String",
        "verified_result": null
      },
      {
        "hashed_secret": "a38b32005305ff20174b03ddb42d76d3ef9cd7cb",
        "is_secret": false,
        "is_verified": false,
        "line_number": 3605,
        "type": "Base64 High Entropy String",
        "verified_result": null
      },
      {
        "hashed_secret": "2d6eff8bdc8c458731e9a8773a60ef0c21ab32a1",
        "is_secret": false,
        "is_verified": false,
        "line_number": 3612,
        "type": "Base64 High Entropy String",
        "verified_result": null
      },
      {
        "hashed_secret": "88d5de50147c0a55cf86a9c79b0002573f21febe",
        "is_secret": false,
        "is_verified": false,
        "line_number": 3619,
        "type": "Base64 High Entropy String",
        "verified_result": null
      },
      {
        "hashed_secret": "72308287f8c0e080820be69d27cd9810b9cd9de7",
        "is_secret": false,
        "is_verified": false,
        "line_number": 3632,
        "type": "Base64 High Entropy String",
        "verified_result": null
      },
      {
        "hashed_secret": "1e94f147d0d24999498d3527047accfcd7cd2402",
        "is_secret": false,
        "is_verified": false,
        "line_number": 3642,
        "type": "Base64 High Entropy String",
        "verified_result": null
      },
      {
        "hashed_secret": "e24a8cec071d865526b863f7dc34bd49679f7a29",
        "is_secret": false,
        "is_verified": false,
        "line_number": 3649,
        "type": "Base64 High Entropy String",
        "verified_result": null
      },
      {
        "hashed_secret": "c5288a94b40ef119450c2006b11fa914e0432b4f",
        "is_secret": false,
        "is_verified": false,
        "line_number": 3662,
        "type": "Base64 High Entropy String",
        "verified_result": null
      },
      {
        "hashed_secret": "7ed5906c17ddd4e8330c8475dac722175e5e67c4",
        "is_secret": false,
        "is_verified": false,
        "line_number": 3669,
        "type": "Base64 High Entropy String",
        "verified_result": null
      },
      {
        "hashed_secret": "bed2be7dcefaad482d5b1215bb9c485bc1904f76",
        "is_secret": false,
        "is_verified": false,
        "line_number": 3679,
        "type": "Base64 High Entropy String",
        "verified_result": null
      },
      {
        "hashed_secret": "cd662b440448baab7e093547626080b663ad57c5",
        "is_secret": false,
        "is_verified": false,
        "line_number": 3708,
        "type": "Base64 High Entropy String",
        "verified_result": null
      },
      {
        "hashed_secret": "d8e88da9e8f3e4fc17769c89a3779ec33b8fe4e4",
        "is_secret": false,
        "is_verified": false,
        "line_number": 3715,
        "type": "Base64 High Entropy String",
        "verified_result": null
      },
      {
        "hashed_secret": "87ae5db459dbd9fe4157473b016ae5ff5ef0f4ed",
        "is_secret": false,
        "is_verified": false,
        "line_number": 3725,
        "type": "Base64 High Entropy String",
        "verified_result": null
      },
      {
        "hashed_secret": "2cf8bb850e018731465613b416d9603758dce6bb",
        "is_secret": false,
        "is_verified": false,
        "line_number": 3734,
        "type": "Base64 High Entropy String",
        "verified_result": null
      },
      {
        "hashed_secret": "81a165cc6dfc1c5b2a498fefdd6a0774232063b9",
        "is_secret": false,
        "is_verified": false,
        "line_number": 3741,
        "type": "Base64 High Entropy String",
        "verified_result": null
      },
      {
        "hashed_secret": "838abb1331a160bdd441c25a2a2d44332ee8694b",
        "is_secret": false,
        "is_verified": false,
        "line_number": 3755,
        "type": "Base64 High Entropy String",
        "verified_result": null
      },
      {
        "hashed_secret": "e6525dbd438fc8858b0d56c59d164f403792ba1e",
        "is_secret": false,
        "is_verified": false,
        "line_number": 3764,
        "type": "Base64 High Entropy String",
        "verified_result": null
      },
      {
        "hashed_secret": "0913ac5bef0b5ee1e0619deee04bed578b2cb11a",
        "is_secret": false,
        "is_verified": false,
        "line_number": 3776,
        "type": "Base64 High Entropy String",
        "verified_result": null
      },
      {
        "hashed_secret": "b230837c24f19045e3d6c0eb0413db8650788a23",
        "is_secret": false,
        "is_verified": false,
        "line_number": 3786,
        "type": "Base64 High Entropy String",
        "verified_result": null
      },
      {
        "hashed_secret": "0430ef838f88b8c253f36d7c2c5e9da6b30310b7",
        "is_secret": false,
        "is_verified": false,
        "line_number": 3802,
        "type": "Base64 High Entropy String",
        "verified_result": null
      },
      {
        "hashed_secret": "805d9656080308c11cde7cb7f0310e12c7e60c48",
        "is_secret": false,
        "is_verified": false,
        "line_number": 3812,
        "type": "Base64 High Entropy String",
        "verified_result": null
      },
      {
        "hashed_secret": "0397c6ec894f0c03a1a3027d9d3b29023a7f27d3",
        "is_secret": false,
        "is_verified": false,
        "line_number": 3819,
        "type": "Base64 High Entropy String",
        "verified_result": null
      },
      {
        "hashed_secret": "508ffd78a7522f83c630d98474d58ccf406bd25e",
        "is_secret": false,
        "is_verified": false,
        "line_number": 3835,
        "type": "Base64 High Entropy String",
        "verified_result": null
      },
      {
        "hashed_secret": "a4947c91f327ad56f2c5e0d58297f4d3abddca87",
        "is_secret": false,
        "is_verified": false,
        "line_number": 3842,
        "type": "Base64 High Entropy String",
        "verified_result": null
      },
      {
        "hashed_secret": "db24a96822d27d963dfd24104c32896bea3378e7",
        "is_secret": false,
        "is_verified": false,
        "line_number": 3857,
        "type": "Base64 High Entropy String",
        "verified_result": null
      },
      {
        "hashed_secret": "5070050f027bc287db5e216263c4c337f9381f75",
        "is_secret": false,
        "is_verified": false,
        "line_number": 3864,
        "type": "Base64 High Entropy String",
        "verified_result": null
      },
      {
        "hashed_secret": "0a68e003e521d8b996e1c07b3b5b2664de31fa44",
        "is_secret": false,
        "is_verified": false,
        "line_number": 3871,
        "type": "Base64 High Entropy String",
        "verified_result": null
      },
      {
        "hashed_secret": "97d77287e5c1c07c7f96185e164752eca91c10dc",
        "is_secret": false,
        "is_verified": false,
        "line_number": 3881,
        "type": "Base64 High Entropy String",
        "verified_result": null
      },
      {
        "hashed_secret": "38c97b06ca380ec6b537fb959634cd6042e47cea",
        "is_secret": false,
        "is_verified": false,
        "line_number": 3894,
        "type": "Base64 High Entropy String",
        "verified_result": null
      },
      {
        "hashed_secret": "064b874f13a3779d7227de426e2646eaaf7d1b39",
        "is_secret": false,
        "is_verified": false,
        "line_number": 3904,
        "type": "Base64 High Entropy String",
        "verified_result": null
      },
      {
        "hashed_secret": "7356a0be2ffe123fd4b708a6d09ecdddaa038c22",
        "is_secret": false,
        "is_verified": false,
        "line_number": 3920,
        "type": "Base64 High Entropy String",
        "verified_result": null
      },
      {
        "hashed_secret": "d69c03a6c481565a321e7b90776918eaad16e532",
        "is_secret": false,
        "is_verified": false,
        "line_number": 3927,
        "type": "Base64 High Entropy String",
        "verified_result": null
      },
      {
        "hashed_secret": "b1655f0436ed02542ddf34e65e9897e59633b752",
        "is_secret": false,
        "is_verified": false,
        "line_number": 3943,
        "type": "Base64 High Entropy String",
        "verified_result": null
      },
      {
        "hashed_secret": "95a1f1449148121ac6b0cdc457dc80b86eb16ef7",
        "is_secret": false,
        "is_verified": false,
        "line_number": 3956,
        "type": "Base64 High Entropy String",
        "verified_result": null
      },
      {
        "hashed_secret": "c9a0f70271023a1b82d44b6544c32f834098c007",
        "is_secret": false,
        "is_verified": false,
        "line_number": 3972,
        "type": "Base64 High Entropy String",
        "verified_result": null
      },
      {
        "hashed_secret": "55159cc007aeaf5fbf0746c70b85d9ddc16db6dd",
        "is_secret": false,
        "is_verified": false,
        "line_number": 3982,
        "type": "Base64 High Entropy String",
        "verified_result": null
      },
      {
        "hashed_secret": "d9efbdf71c548a000ac469ddb800a566a21d9824",
        "is_secret": false,
        "is_verified": false,
        "line_number": 3989,
        "type": "Base64 High Entropy String",
        "verified_result": null
      },
      {
        "hashed_secret": "533573708ed3eabce514432cd26d532218222659",
        "is_secret": false,
        "is_verified": false,
        "line_number": 4008,
        "type": "Base64 High Entropy String",
        "verified_result": null
      },
      {
        "hashed_secret": "1b6d7df51b5d3b60d36200961a9cc1885619e96b",
        "is_secret": false,
        "is_verified": false,
        "line_number": 4018,
        "type": "Base64 High Entropy String",
        "verified_result": null
      },
      {
        "hashed_secret": "61ff5c8a702d8ffe28063c06487a3a5a0db2ed70",
        "is_secret": false,
        "is_verified": false,
        "line_number": 4028,
        "type": "Base64 High Entropy String",
        "verified_result": null
      },
      {
        "hashed_secret": "6942521514db424f66a46a086146c8d65db76a9c",
        "is_secret": false,
        "is_verified": false,
        "line_number": 4038,
        "type": "Base64 High Entropy String",
        "verified_result": null
      },
      {
        "hashed_secret": "87aff3c6c2e4719c7c068c625dc5c6bb833ab411",
        "is_secret": false,
        "is_verified": false,
        "line_number": 4055,
        "type": "Base64 High Entropy String",
        "verified_result": null
      },
      {
        "hashed_secret": "4439cc784aca22e5cdf33ed6656f5b8b99eaa44d",
        "is_secret": false,
        "is_verified": false,
        "line_number": 4062,
        "type": "Base64 High Entropy String",
        "verified_result": null
      },
      {
        "hashed_secret": "1ac881fcbb09fad5c8b422aa517c10f8aae9c8b0",
        "is_secret": false,
        "is_verified": false,
        "line_number": 4069,
        "type": "Base64 High Entropy String",
        "verified_result": null
      },
      {
        "hashed_secret": "dabcefa910bca0b7a0a6e2ee5b8ba0afef580da4",
        "is_secret": false,
        "is_verified": false,
        "line_number": 4082,
        "type": "Base64 High Entropy String",
        "verified_result": null
      },
      {
        "hashed_secret": "a333e405c05cedb7d37ba5a38ad44f4d236fe04c",
        "is_secret": false,
        "is_verified": false,
        "line_number": 4092,
        "type": "Base64 High Entropy String",
        "verified_result": null
      },
      {
        "hashed_secret": "7182ae6d1f2923a53c51ce219e0ef19de4656cf3",
        "is_secret": false,
        "is_verified": false,
        "line_number": 4105,
        "type": "Base64 High Entropy String",
        "verified_result": null
      },
      {
        "hashed_secret": "371ce323d657e273939fdad274085642a4da69de",
        "is_secret": false,
        "is_verified": false,
        "line_number": 4120,
        "type": "Base64 High Entropy String",
        "verified_result": null
      },
      {
        "hashed_secret": "19953682e1a2d02f2237370a16bee6f963d72347",
        "is_secret": false,
        "is_verified": false,
        "line_number": 4133,
        "type": "Base64 High Entropy String",
        "verified_result": null
      },
      {
        "hashed_secret": "60edf9357ab126e077a488706704a2f658e19087",
        "is_secret": false,
        "is_verified": false,
        "line_number": 4143,
        "type": "Base64 High Entropy String",
        "verified_result": null
      },
      {
        "hashed_secret": "7410fa0f9ec078ee65600cf06cfe5f40899a43f2",
        "is_secret": false,
        "is_verified": false,
        "line_number": 4149,
        "type": "Base64 High Entropy String",
        "verified_result": null
      },
      {
        "hashed_secret": "5a233e343e439f5c0b7dad5b0bb3aac587600408",
        "is_secret": false,
        "is_verified": false,
        "line_number": 4166,
        "type": "Base64 High Entropy String",
        "verified_result": null
      },
      {
        "hashed_secret": "3c48660b66db6687c2ba1b7ffbac279614eead6e",
        "is_secret": false,
        "is_verified": false,
        "line_number": 4173,
        "type": "Base64 High Entropy String",
        "verified_result": null
      },
      {
        "hashed_secret": "87311dfdbf66115926199b1b8860a64d6ecd82f8",
        "is_secret": false,
        "is_verified": false,
        "line_number": 4183,
        "type": "Base64 High Entropy String",
        "verified_result": null
      },
      {
        "hashed_secret": "f241e44dd1421cd26ac78332db57217a61f50c94",
        "is_secret": false,
        "is_verified": false,
        "line_number": 4196,
        "type": "Base64 High Entropy String",
        "verified_result": null
      },
      {
        "hashed_secret": "dc84bd66761f714927258320c0bb8dae84587827",
        "is_secret": false,
        "is_verified": false,
        "line_number": 4206,
        "type": "Base64 High Entropy String",
        "verified_result": null
      },
      {
        "hashed_secret": "3b7990b0f82bc9bc6c4ec02744f9c02e76aac827",
        "is_secret": false,
        "is_verified": false,
        "line_number": 4216,
        "type": "Base64 High Entropy String",
        "verified_result": null
      },
      {
        "hashed_secret": "9072ebcbad57a1ae4256c5ae37c1e7c7ae5325de",
        "is_secret": false,
        "is_verified": false,
        "line_number": 4229,
        "type": "Base64 High Entropy String",
        "verified_result": null
      },
      {
        "hashed_secret": "e0c6ae09dd70fa25056d591ada0ad32df0dfe873",
        "is_secret": false,
        "is_verified": false,
        "line_number": 4239,
        "type": "Base64 High Entropy String",
        "verified_result": null
      },
      {
        "hashed_secret": "3479f0e3e92704b5afe32cade0c15e4cf17d2a2d",
        "is_secret": false,
        "is_verified": false,
        "line_number": 4252,
        "type": "Base64 High Entropy String",
        "verified_result": null
      },
      {
        "hashed_secret": "8db956011899a12e5f3cd3b6451ca77c5896f94d",
        "is_secret": false,
        "is_verified": false,
        "line_number": 4262,
        "type": "Base64 High Entropy String",
        "verified_result": null
      },
      {
        "hashed_secret": "a074015a2ea6680882630eb6afb3cd7c287e581f",
        "is_secret": false,
        "is_verified": false,
        "line_number": 4272,
        "type": "Base64 High Entropy String",
        "verified_result": null
      },
      {
        "hashed_secret": "76f7a220b13a5c673c9a65d610548916d4fabb64",
        "is_secret": false,
        "is_verified": false,
        "line_number": 4283,
        "type": "Base64 High Entropy String",
        "verified_result": null
      },
      {
        "hashed_secret": "b8e38fac2ae28f11ebab0c7ae8dc458221daa23a",
        "is_secret": false,
        "is_verified": false,
        "line_number": 4290,
        "type": "Base64 High Entropy String",
        "verified_result": null
      },
      {
        "hashed_secret": "178a2a33e0c0d75178a413e0aac2f8cbab930635",
        "is_secret": false,
        "is_verified": false,
        "line_number": 4303,
        "type": "Base64 High Entropy String",
        "verified_result": null
      },
      {
        "hashed_secret": "37153fe39ca138fd330d60f5de222555ea66d3c1",
        "is_secret": false,
        "is_verified": false,
        "line_number": 4310,
        "type": "Base64 High Entropy String",
        "verified_result": null
      },
      {
        "hashed_secret": "d4f8d980c943fb306089e921db8c8afd41e8a906",
        "is_secret": false,
        "is_verified": false,
        "line_number": 4347,
        "type": "Base64 High Entropy String",
        "verified_result": null
      },
      {
        "hashed_secret": "2764e31835af219e01a144b32b3088b583d0b142",
        "is_secret": false,
        "is_verified": false,
        "line_number": 4411,
        "type": "Base64 High Entropy String",
        "verified_result": null
      },
      {
        "hashed_secret": "8c14ca426e18afd6aedb33f1e4af45d10ff480c9",
        "is_secret": false,
        "is_verified": false,
        "line_number": 4451,
        "type": "Base64 High Entropy String",
        "verified_result": null
      },
      {
        "hashed_secret": "791f38c64d2c51c10e14db462464c2666734d875",
        "is_secret": false,
        "is_verified": false,
        "line_number": 4461,
        "type": "Base64 High Entropy String",
        "verified_result": null
      },
      {
        "hashed_secret": "3e536139add3f70bf34712d57cf490dc9c631553",
        "is_secret": false,
        "is_verified": false,
        "line_number": 4471,
        "type": "Base64 High Entropy String",
        "verified_result": null
      },
      {
        "hashed_secret": "69e4418b2ffb487c86b50465bb7a8dd539577c3f",
        "is_secret": false,
        "is_verified": false,
        "line_number": 4484,
        "type": "Base64 High Entropy String",
        "verified_result": null
      },
      {
        "hashed_secret": "bfbe2718fb7831987dda00ef00e5026befcadf0c",
        "is_secret": false,
        "is_verified": false,
        "line_number": 4497,
        "type": "Base64 High Entropy String",
        "verified_result": null
      },
      {
        "hashed_secret": "ac89a1c44566548af25a362310fd0f5520667be0",
        "is_secret": false,
        "is_verified": false,
        "line_number": 4513,
        "type": "Base64 High Entropy String",
        "verified_result": null
      },
      {
        "hashed_secret": "f83c0e1722151b136004f1e67d507feb727e52f6",
        "is_secret": false,
        "is_verified": false,
        "line_number": 4528,
        "type": "Base64 High Entropy String",
        "verified_result": null
      },
      {
        "hashed_secret": "c82d951d495ea37952ebb0f3fe072f69f8b0f685",
        "is_secret": false,
        "is_verified": false,
        "line_number": 4539,
        "type": "Base64 High Entropy String",
        "verified_result": null
      },
      {
        "hashed_secret": "b701486290777985572bdf83321be59eee7cd0c6",
        "is_secret": false,
        "is_verified": false,
        "line_number": 4561,
        "type": "Base64 High Entropy String",
        "verified_result": null
      },
      {
        "hashed_secret": "1528a569a2fd746c9f56d0c681950464f681bf88",
        "is_secret": false,
        "is_verified": false,
        "line_number": 4574,
        "type": "Base64 High Entropy String",
        "verified_result": null
      },
      {
        "hashed_secret": "36a41bfa336a40f390233bcb3edba75b423c0ac5",
        "is_secret": false,
        "is_verified": false,
        "line_number": 4581,
        "type": "Base64 High Entropy String",
        "verified_result": null
      },
      {
        "hashed_secret": "44c417f8212ce73fce3014dc84dcf2d75b05bb6d",
        "is_secret": false,
        "is_verified": false,
        "line_number": 4594,
        "type": "Base64 High Entropy String",
        "verified_result": null
      },
      {
        "hashed_secret": "38d576c30351a2efa51a1370871d95af3a753e72",
        "is_secret": false,
        "is_verified": false,
        "line_number": 4647,
        "type": "Base64 High Entropy String",
        "verified_result": null
      },
      {
        "hashed_secret": "61daef219a32046633e73ba8c3fefa7d4ab6b969",
        "is_secret": false,
        "is_verified": false,
        "line_number": 4660,
        "type": "Base64 High Entropy String",
        "verified_result": null
      },
      {
        "hashed_secret": "9bf200e3147a1d837839d6bf5b649716c1537cbb",
        "is_secret": false,
        "is_verified": false,
        "line_number": 4673,
        "type": "Base64 High Entropy String",
        "verified_result": null
      },
      {
        "hashed_secret": "cf8769a85052b2fe5947cc828d2c35305e3cc2d4",
        "is_secret": false,
        "is_verified": false,
        "line_number": 4681,
        "type": "Base64 High Entropy String",
        "verified_result": null
      },
      {
        "hashed_secret": "15722b2d85dd78abf0730839c0ebdfb5873a2da4",
        "is_secret": false,
        "is_verified": false,
        "line_number": 4691,
        "type": "Base64 High Entropy String",
        "verified_result": null
      },
      {
        "hashed_secret": "6e052fe5b46f0af3010617109aaecb06e8a1f300",
        "is_secret": false,
        "is_verified": false,
        "line_number": 4704,
        "type": "Base64 High Entropy String",
        "verified_result": null
      },
      {
        "hashed_secret": "ad0e622502cb8255a5d8ea48efb84d412498ddd7",
        "is_secret": false,
        "is_verified": false,
        "line_number": 4718,
        "type": "Base64 High Entropy String",
        "verified_result": null
      },
      {
        "hashed_secret": "a0a9f050339fb7dfc50f201b52645f99c719dc6e",
        "is_secret": false,
        "is_verified": false,
        "line_number": 4725,
        "type": "Base64 High Entropy String",
        "verified_result": null
      },
      {
        "hashed_secret": "9eaf006db1f782b8da68c3ae97eae05f36c62973",
        "is_secret": false,
        "is_verified": false,
        "line_number": 4760,
        "type": "Base64 High Entropy String",
        "verified_result": null
      },
      {
        "hashed_secret": "8af5d8dc6608e85d5fa11a6e06ad79765fff659b",
        "is_secret": false,
        "is_verified": false,
        "line_number": 4791,
        "type": "Base64 High Entropy String",
        "verified_result": null
      },
      {
        "hashed_secret": "4a1c248f3b2ff8b4ac7ee3bd67eafb7b69668f93",
        "is_secret": false,
        "is_verified": false,
        "line_number": 4806,
        "type": "Base64 High Entropy String",
        "verified_result": null
      },
      {
        "hashed_secret": "f0257d02d23f53e799476af74cf0386375d4b6c2",
        "is_secret": false,
        "is_verified": false,
        "line_number": 4816,
        "type": "Base64 High Entropy String",
        "verified_result": null
      },
      {
        "hashed_secret": "c1907fc992b0e961b0c622ff8cd91edc36456c2a",
        "is_secret": false,
        "is_verified": false,
        "line_number": 4832,
        "type": "Base64 High Entropy String",
        "verified_result": null
      },
      {
        "hashed_secret": "47f61db9968d9147373f9919fb2d39f044af96d4",
        "is_secret": false,
        "is_verified": false,
        "line_number": 4851,
        "type": "Base64 High Entropy String",
        "verified_result": null
      },
      {
        "hashed_secret": "e18dbe67238cfe0349177bd2fc9a70a93e4c2f12",
        "is_secret": false,
        "is_verified": false,
        "line_number": 4914,
        "type": "Base64 High Entropy String",
        "verified_result": null
      },
      {
        "hashed_secret": "c1a38efe10a08cb343b44ec85e4f991fa64e0dc8",
        "is_secret": false,
        "is_verified": false,
        "line_number": 4927,
        "type": "Base64 High Entropy String",
        "verified_result": null
      },
      {
        "hashed_secret": "b5acc3ebb6bebc72bf34bf1b65ca79c72c75f3c1",
        "is_secret": false,
        "is_verified": false,
        "line_number": 4934,
        "type": "Base64 High Entropy String",
        "verified_result": null
      },
      {
        "hashed_secret": "fd979750316587a434d421119fe616d5325ac2fb",
        "is_secret": false,
        "is_verified": false,
        "line_number": 4948,
        "type": "Base64 High Entropy String",
        "verified_result": null
      },
      {
        "hashed_secret": "c0665d268ee6985b4ce98c67b9c6c7502af11a25",
        "is_secret": false,
        "is_verified": false,
        "line_number": 4958,
        "type": "Base64 High Entropy String",
        "verified_result": null
      },
      {
        "hashed_secret": "5888d1b730d17d304b51d9ac433812c153d85b55",
        "is_secret": false,
        "is_verified": false,
        "line_number": 4965,
        "type": "Base64 High Entropy String",
        "verified_result": null
      },
      {
        "hashed_secret": "f517feec4703cacc2629b34a71b6c4f71dcaaacb",
        "is_secret": false,
        "is_verified": false,
        "line_number": 4984,
        "type": "Base64 High Entropy String",
        "verified_result": null
      },
      {
        "hashed_secret": "35ca90e5fa9b87427a5ff8b3f333a7b7d45fc260",
        "is_secret": false,
        "is_verified": false,
        "line_number": 4994,
        "type": "Base64 High Entropy String",
        "verified_result": null
      },
      {
        "hashed_secret": "fc7b2f07f919c3f8e20aa78a1756d2bcca252fb9",
        "is_secret": false,
        "is_verified": false,
        "line_number": 5004,
        "type": "Base64 High Entropy String",
        "verified_result": null
      },
      {
        "hashed_secret": "bdaf8b094715fef6fc9d26c411bc0f51e1f4d6bd",
        "is_secret": false,
        "is_verified": false,
        "line_number": 5011,
        "type": "Base64 High Entropy String",
        "verified_result": null
      },
      {
        "hashed_secret": "4c8a960439864672cef22edf28a40c8a3749ed68",
        "is_secret": false,
        "is_verified": false,
        "line_number": 5026,
        "type": "Base64 High Entropy String",
        "verified_result": null
      },
      {
        "hashed_secret": "bc001a988dc93a1d9f0b811c8b6f5ed71cd922e8",
        "is_secret": false,
        "is_verified": false,
        "line_number": 5039,
        "type": "Base64 High Entropy String",
        "verified_result": null
      }
    ],
    "src/Client.ts": [
      {
        "hashed_secret": "f5cbae85fb47446511da4c9974e2da448caee7e1",
        "is_secret": false,
        "is_verified": false,
        "line_number": 20,
        "type": "Secret Keyword",
        "verified_result": null
      },
      {
        "hashed_secret": "65e622227634e8876cfa733000233fb80c6f0473",
        "is_secret": false,
        "is_verified": false,
        "line_number": 57,
        "type": "Secret Keyword",
        "verified_result": null
      },
      {
        "hashed_secret": "68672f6baf3b3e9b3a80f7baa87e7a95a0ec2afb",
        "is_secret": false,
        "is_verified": false,
        "line_number": 79,
        "type": "Secret Keyword",
        "verified_result": null
      }
    ],
    "test/apiTest.test.ts": [
      {
        "hashed_secret": "c7139c95c9298c5ca457688f5c1d2e11ffbecc91",
        "is_secret": false,
        "is_verified": false,
        "line_number": 127,
        "type": "Secret Keyword",
        "verified_result": null
      }
    ],
    "test/client.test.ts": [
      {
        "hashed_secret": "2ace62c1befa19e3ea37dd52be9f6d508c5163e6",
        "is_secret": false,
        "is_verified": false,
        "line_number": 17,
        "type": "Secret Keyword",
        "verified_result": null
      }
    ]
  },
  "version": "0.13.1+ibm.62.dss",
  "word_list": {
    "file": null,
    "hash": null
  }
}
