{
  "exclude": {
    "files": "^.secrets.baseline$",
    "lines": null
  },
  "generated_at": "2026-02-27T13:29:02Z",
  "plugins_used": [
    {
      "name": "AWSKeyDetector"
    },
    {
      "name": "ArtifactoryDetector"
    },
    {
      "name": "AzureStorageKeyDetector"
    },
    {
      "base64_limit": 4.5,
      "name": "Base64HighEntropyString"
    },
    {
      "name": "BasicAuthDetector"
    },
    {
      "name": "BoxDetector"
    },
    {
      "name": "CloudantDetector"
    },
    {
      "ghe_instance": "github.ibm.com",
      "name": "GheDetector"
    },
    {
      "name": "GitHubTokenDetector"
    },
    {
      "hex_limit": 3,
      "name": "HexHighEntropyString"
    },
    {
      "name": "IbmCloudIamDetector"
    },
    {
      "name": "IbmCosHmacDetector"
    },
    {
      "name": "JwtTokenDetector"
    },
    {
      "keyword_exclude": null,
      "name": "KeywordDetector"
    },
    {
      "name": "MailchimpDetector"
    },
    {
      "name": "NpmDetector"
    },
    {
      "name": "PrivateKeyDetector"
    },
    {
      "name": "SlackDetector"
    },
    {
      "name": "SoftlayerDetector"
    },
    {
      "name": "SquareOAuthDetector"
    },
    {
      "name": "StripeDetector"
    },
    {
      "name": "TwilioKeyDetector"
    }
  ],
  "results": {
    "README.md": [
      {
        "hashed_secret": "9eddf3741c2ec20058940c3225b3e387cf6166dd",
        "is_secret": false,
        "is_verified": false,
        "line_number": 114,
        "type": "Secret Keyword",
        "verified_result": null
      }
    ],
    "docs/_sources/authentication.rst.txt": [
      {
        "hashed_secret": "d92258e9826f7923e5fa45241420653a89db10b0",
        "is_secret": false,
        "is_verified": false,
        "line_number": 41,
        "type": "Secret Keyword",
        "verified_result": null
      },
      {
        "hashed_secret": "9eddf3741c2ec20058940c3225b3e387cf6166dd",
        "is_secret": false,
        "is_verified": false,
        "line_number": 152,
        "type": "Secret Keyword",
        "verified_result": null
      }
    ],
    "docs/_sources/client.rst.txt": [
      {
        "hashed_secret": "9eddf3741c2ec20058940c3225b3e387cf6166dd",
        "is_secret": false,
        "is_verified": false,
        "line_number": 108,
        "type": "Secret Keyword",
        "verified_result": null
      }
    ],
    "docs/_sources/getting_started.rst.txt": [
      {
        "hashed_secret": "11fa7c37d697f30e6aee828b4426a10f83ab2380",
        "is_secret": false,
        "is_verified": false,
        "line_number": 122,
        "type": "Secret Keyword",
        "verified_result": null
      }
    ],
    "docs/_sources/troubleshooting.rst.txt": [
      {
        "hashed_secret": "ade7ae7ec3dcbc8e6efab2ad366fd59b4be60bda",
        "is_secret": false,
        "is_verified": false,
        "line_number": 129,
        "type": "Secret Keyword",
        "verified_result": null
      },
      {
        "hashed_secret": "24de2a83c833555a5931a357cb9a639830db7851",
        "is_secret": false,
        "is_verified": false,
        "line_number": 191,
        "type": "Secret Keyword",
        "verified_result": null
      },
      {
        "hashed_secret": "11fa7c37d697f30e6aee828b4426a10f83ab2380",
        "is_secret": false,
        "is_verified": false,
        "line_number": 224,
        "type": "Secret Keyword",
        "verified_result": null
      }
    ],
    "docs/authentication.html": [
      {
        "hashed_secret": "7460410433c137c8124a7681126863dcc0172caa",
        "is_secret": false,
        "is_verified": false,
        "line_number": 287,
        "type": "Secret Keyword",
        "verified_result": null
      },
      {
        "hashed_secret": "93f64017194ac1d984f80fc133f60bb9ec09215a",
        "is_secret": false,
        "is_verified": false,
        "line_number": 417,
        "type": "Secret Keyword",
        "verified_result": null
      }
    ],
    "docs/getting_started.html": [
      {
        "hashed_secret": "93f64017194ac1d984f80fc133f60bb9ec09215a",
        "is_secret": false,
        "is_verified": false,
        "line_number": 289,
        "type": "Secret Keyword",
        "verified_result": null
      }
    ],
    "docs/searchindex.js": [
      {
        "hashed_secret": "0c46900fa1fdf1610a99248b86d76554966d69c6",
        "is_secret": false,
        "is_verified": false,
        "line_number": 1,
        "type": "Hex High Entropy String",
        "verified_result": null
      }
    ],
    "sphinx-build/.secrets.baseline": [
      {
        "hashed_secret": "0237a14fa7c918e82bc33889aa71728920aa54ed",
        "is_secret": false,
        "is_verified": false,
        "line_number": 82,
        "type": "Hex High Entropy String",
        "verified_result": null
      },
      {
        "hashed_secret": "0237a14fa7c918e82bc33889aa71728920aa54ed",
        "is_secret": false,
        "is_verified": false,
        "line_number": 82,
        "type": "Secret Keyword",
        "verified_result": null
      },
      {
        "hashed_secret": "e8b889f73774b0dfb7b9971d4eb194c9f65379e1",
        "is_secret": false,
        "is_verified": false,
        "line_number": 100,
        "type": "Hex High Entropy String",
        "verified_result": null
      },
      {
        "hashed_secret": "e8b889f73774b0dfb7b9971d4eb194c9f65379e1",
        "is_secret": false,
        "is_verified": false,
        "line_number": 100,
        "type": "Secret Keyword",
        "verified_result": null
      },
      {
        "hashed_secret": "37d76ec46afe4476ec1bb4f13e443412381c3d8a",
        "is_secret": false,
        "is_verified": false,
        "line_number": 120,
        "type": "Hex High Entropy String",
        "verified_result": null
      },
      {
        "hashed_secret": "37d76ec46afe4476ec1bb4f13e443412381c3d8a",
        "is_secret": false,
        "is_verified": false,
        "line_number": 120,
        "type": "Secret Keyword",
        "verified_result": null
      },
      {
        "hashed_secret": "c93405d758b550150baae9847990382e4aa9eea7",
        "is_secret": false,
        "is_verified": false,
        "line_number": 128,
        "type": "Hex High Entropy String",
        "verified_result": null
      },
      {
        "hashed_secret": "c93405d758b550150baae9847990382e4aa9eea7",
        "is_secret": false,
        "is_verified": false,
        "line_number": 128,
        "type": "Secret Keyword",
        "verified_result": null
      },
      {
        "hashed_secret": "635114505e7620f951a96ea6d5a6d2a018bc7ab4",
        "is_secret": false,
        "is_verified": false,
        "line_number": 136,
        "type": "Hex High Entropy String",
        "verified_result": null
      },
      {
        "hashed_secret": "635114505e7620f951a96ea6d5a6d2a018bc7ab4",
        "is_secret": false,
        "is_verified": false,
        "line_number": 136,
        "type": "Secret Keyword",
        "verified_result": null
      }
    ],
    "sphinx-build/source/authentication.rst": [
      {
        "hashed_secret": "d92258e9826f7923e5fa45241420653a89db10b0",
        "is_secret": false,
        "is_verified": false,
        "line_number": 41,
        "type": "Secret Keyword",
        "verified_result": null
      },
      {
        "hashed_secret": "9eddf3741c2ec20058940c3225b3e387cf6166dd",
        "is_secret": false,
        "is_verified": false,
        "line_number": 152,
        "type": "Secret Keyword",
        "verified_result": null
      }
    ],
    "sphinx-build/source/client.rst": [
      {
        "hashed_secret": "9eddf3741c2ec20058940c3225b3e387cf6166dd",
        "is_secret": false,
        "is_verified": false,
        "line_number": 108,
        "type": "Secret Keyword",
        "verified_result": null
      }
    ],
    "sphinx-build/source/getting_started.rst": [
      {
        "hashed_secret": "11fa7c37d697f30e6aee828b4426a10f83ab2380",
        "is_secret": false,
        "is_verified": false,
        "line_number": 122,
        "type": "Secret Keyword",
        "verified_result": null
      }
    ],
    "sphinx-build/source/troubleshooting.rst": [
      {
        "hashed_secret": "ade7ae7ec3dcbc8e6efab2ad366fd59b4be60bda",
        "is_secret": false,
        "is_verified": false,
        "line_number": 129,
        "type": "Secret Keyword",
        "verified_result": null
      },
      {
        "hashed_secret": "24de2a83c833555a5931a357cb9a639830db7851",
        "is_secret": false,
        "is_verified": false,
        "line_number": 191,
        "type": "Secret Keyword",
        "verified_result": null
      },
      {
        "hashed_secret": "11fa7c37d697f30e6aee828b4426a10f83ab2380",
        "is_secret": false,
        "is_verified": false,
        "line_number": 224,
        "type": "Secret Keyword",
        "verified_result": null
      }
    ],
    "src/Client.ts": [
      {
        "hashed_secret": "1f5e25be9b575e9f5d39c82dfd1d9f4d73f1975c",
        "is_secret": false,
        "is_verified": false,
        "line_number": 24,
        "type": "Secret Keyword",
        "verified_result": null
      },
      {
        "hashed_secret": "6303c901093123ff7019188dcd12b2e18d4d9827",
        "is_secret": false,
        "is_verified": false,
        "line_number": 28,
        "type": "Secret Keyword",
        "verified_result": null
      },
      {
        "hashed_secret": "f5cbae85fb47446511da4c9974e2da448caee7e1",
        "is_secret": false,
        "is_verified": false,
        "line_number": 31,
        "type": "Secret Keyword",
        "verified_result": null
      },
      {
        "hashed_secret": "65e622227634e8876cfa733000233fb80c6f0473",
        "is_secret": false,
        "is_verified": false,
        "line_number": 162,
        "type": "Secret Keyword",
        "verified_result": null
      },
      {
        "hashed_secret": "11fa7c37d697f30e6aee828b4426a10f83ab2380",
        "is_secret": false,
        "is_verified": false,
        "line_number": 230,
        "type": "Secret Keyword",
        "verified_result": null
      },
      {
        "hashed_secret": "68672f6baf3b3e9b3a80f7baa87e7a95a0ec2afb",
        "is_secret": false,
        "is_verified": false,
        "line_number": 240,
        "type": "Secret Keyword",
        "verified_result": null
      }
    ],
    "test/apiTest.test.ts": [
      {
        "hashed_secret": "c7139c95c9298c5ca457688f5c1d2e11ffbecc91",
        "is_secret": false,
        "is_verified": false,
        "line_number": 368,
        "type": "Secret Keyword",
        "verified_result": null
      }
    ],
    "test/client.test.ts": [
      {
        "hashed_secret": "2ace62c1befa19e3ea37dd52be9f6d508c5163e6",
        "is_secret": false,
        "is_verified": false,
        "line_number": 19,
        "type": "Secret Keyword",
        "verified_result": null
      }
    ],
    "test/metadata.test.ts": [
      {
        "hashed_secret": "c7139c95c9298c5ca457688f5c1d2e11ffbecc91",
        "is_secret": false,
        "is_verified": false,
        "line_number": 184,
        "type": "Secret Keyword",
        "verified_result": null
      }
    ]
  },
  "version": "0.13.1+ibm.64.dss",
  "word_list": {
    "file": null,
    "hash": null
  }
}
